Renesas Optimizing Linker (W3.05.00 )             19-Nov-2023 18:22:28

*** Options ***

-subcommand=Linkerrx23ea_rtd.tmp
-MAKEUD="E:\e2s_workspace\rx23ea_rtd\HardwareDebug/rx23ea_rtd_l.ud" 
-noprelink 
-input=".\src\main.obj"
-input=".\src\r_communication_control_api.obj"
-input=".\src\r_ring_buffer_control_api.obj"
-input=".\src\r_rtd_api.obj"
-input=".\src\r_sensor_common_api.obj"
-input=".\src/smc_gen/Config_AFE\Config_AFE.obj"
-input=".\src/smc_gen/Config_AFE\Config_AFE_user.obj"
-input=".\src/smc_gen/Config_CMT0\Config_CMT0.obj"
-input=".\src/smc_gen/Config_CMT0\Config_CMT0_user.obj"
-input=".\src/smc_gen/Config_DMAC0\Config_DMAC0.obj"
-input=".\src/smc_gen/Config_DMAC0\Config_DMAC0_user.obj"
-input=".\src/smc_gen/Config_DMAC3\Config_DMAC3.obj"
-input=".\src/smc_gen/Config_DMAC3\Config_DMAC3_user.obj"
-input=".\src/smc_gen/Config_DSAD0\Config_DSAD0.obj"
-input=".\src/smc_gen/Config_DSAD0\Config_DSAD0_user.obj"
-input=".\src/smc_gen/Config_PORT\Config_PORT.obj"
-input=".\src/smc_gen/Config_PORT\Config_PORT_user.obj"
-input=".\src/smc_gen/Config_SCI1\Config_SCI1.obj"
-input=".\src/smc_gen/Config_SCI1\Config_SCI1_user.obj"
-input=".\src/smc_gen/general\r_cg_hardware_setup.obj"
-input=".\src/smc_gen/general\r_smc_cgc.obj"
-input=".\src/smc_gen/general\r_smc_cgc_user.obj"
-input=".\src/smc_gen/general\r_smc_interrupt.obj"
-input=".\src/smc_gen/r_bsp/board/generic_rx23e-a\hwsetup.obj"
-input=".\src/smc_gen/r_bsp/mcu/all\dbsct.obj"
-input=".\src/smc_gen/r_bsp/mcu/all\lowlvl.obj"
-input=".\src/smc_gen/r_bsp/mcu/all\lowsrc.obj"
-input=".\src/smc_gen/r_bsp/mcu/all\mcu_locks.obj"
-input=".\src/smc_gen/r_bsp/mcu/all\r_bsp_common.obj"
-input=".\src/smc_gen/r_bsp/mcu/all\r_bsp_cpu.obj"
-input=".\src/smc_gen/r_bsp/mcu/all\r_bsp_interrupts.obj"
-input=".\src/smc_gen/r_bsp/mcu/all\r_bsp_locking.obj"
-input=".\src/smc_gen/r_bsp/mcu/all\r_bsp_mcu_startup.obj"
-input=".\src/smc_gen/r_bsp/mcu/all\r_bsp_software_interrupt.obj"
-input=".\src/smc_gen/r_bsp/mcu/all\r_rx_intrinsic_functions.obj"
-input=".\src/smc_gen/r_bsp/mcu/all\resetprg.obj"
-input=".\src/smc_gen/r_bsp/mcu/all\sbrk.obj"
-input=".\src/smc_gen/r_bsp/mcu/rx23e-a\mcu_clocks.obj"
-input=".\src/smc_gen/r_bsp/mcu/rx23e-a\mcu_init.obj"
-input=".\src/smc_gen/r_bsp/mcu/rx23e-a\mcu_interrupts.obj"
-input=".\src/smc_gen/r_bsp/mcu/rx23e-a\vecttbl.obj"
-input=".\src/smc_gen/r_pincfg\Pin.obj"
-library=".\rx23ea_rtd.lib"
-start=SU,SI,B_1,R_1,B_2,R_2,B,R/04,B_DMAC_REPEAT_AREA_1/02000,C_1,C_2,C,C$*,D*,W*,L,P*/0FFFC0000,EXCEPTVECT/0FFFFFF80,RESETVECT/0FFFFFFFC
-output="rx23ea_rtd.abs" 
-form=absolute 
-nomessage 
-vect=_undefined_interrupt_source_isr 
-list 
-nooptimize 
-rom=D=R,D_1=R_1,D_2=R_2 
-cpu=RAM=00000000-00007fff,FIX=00080000-00083fff,FIX=00086000-00087fff,FIX=00088000-0008dfff,FIX=00090000-0009ffff,FIX=000a0000-000bffff,FIX=000c0000-000fffff,ROM=00100000-00101fff,FIX=007fc000-007fc4ff,FIX=007ffc00-007fffff,ROM=fffc0000-ffffffff 
-nologo

*** Error information ***

*** Mapping List ***

SECTION                            START      END         SIZE   ALIGN
SU
                                  00000004  00001003      1000   4
SI
                                  00001004  00001403       400   4
B_1
                                  00001404  00001631       22e   1
R_1
                                  00001632  00001681        50   1
B_2
                                  00001682  0000168b         a   2
R_2
                                  0000168c  0000168c         0   1
B
                                  0000168c  00001c6f       5e4   4
R
                                  00001c70  00001d6b        fc   4
B_DMAC_REPEAT_AREA_1
                                  00002000  000031ff      1200   1
C_1
                                  fffc0000  fffc0000         0   1
C_2
                                  fffc0000  fffc0007         8   2
C
                                  fffc0008  fffc0537       530   4
C$DSEC
                                  fffc0538  fffc055b        24   4
C$BSEC
                                  fffc055c  fffc0573        18   4
C$VECT
                                  fffc0574  fffc0973       400   4
D
                                  fffc0974  fffc0a6f        fc   4
D_1
                                  fffc0a70  fffc0abf        50   1
D_2
                                  fffc0ac0  fffc0ac0         0   1
W
                                  fffc0ac0  fffc0ac0         0   4
W_1
                                  fffc0ac0  fffc0adc        1d   1
W_2
                                  fffc0ade  fffc0ade         0   2
L
                                  fffc0ae0  fffc0b25        46   4
P
                                  fffc0b26  fffc261a      1af5   1
EXCEPTVECT
                                  ffffff80  fffffffb        7c   4
RESETVECT
                                  fffffffc  ffffffff         4   4
