Archive member included to satisfy reference by file (symbol)

d:/renesas/ra/e2studio_v2022-10_fsp_v4.1.0/toolchains/gcc_arm/gcc-arm-none-eabi-10.3-2021.10/bin/../lib/gcc/arm-none-eabi/10.3.1/thumb/v8-m.base/nofp\libgcc.a(_aeabi_ldivmod.o)
                              ./ra/fsp/src/r_sci_uart/r_sci_uart.o (__aeabi_ldivmod)
d:/renesas/ra/e2studio_v2022-10_fsp_v4.1.0/toolchains/gcc_arm/gcc-arm-none-eabi-10.3-2021.10/bin/../lib/gcc/arm-none-eabi/10.3.1/thumb/v8-m.base/nofp\libgcc.a(_muldi3.o)
                              ./ra/fsp/src/r_sci_uart/r_sci_uart.o (__aeabi_lmul)
d:/renesas/ra/e2studio_v2022-10_fsp_v4.1.0/toolchains/gcc_arm/gcc-arm-none-eabi-10.3-2021.10/bin/../lib/gcc/arm-none-eabi/10.3.1/thumb/v8-m.base/nofp\libgcc.a(bpabi.o)
                              d:/renesas/ra/e2studio_v2022-10_fsp_v4.1.0/toolchains/gcc_arm/gcc-arm-none-eabi-10.3-2021.10/bin/../lib/gcc/arm-none-eabi/10.3.1/thumb/v8-m.base/nofp\libgcc.a(_aeabi_ldivmod.o) (__gnu_ldivmod_helper)
d:/renesas/ra/e2studio_v2022-10_fsp_v4.1.0/toolchains/gcc_arm/gcc-arm-none-eabi-10.3-2021.10/bin/../lib/gcc/arm-none-eabi/10.3.1/thumb/v8-m.base/nofp\libgcc.a(_dvmd_tls.o)
                              d:/renesas/ra/e2studio_v2022-10_fsp_v4.1.0/toolchains/gcc_arm/gcc-arm-none-eabi-10.3-2021.10/bin/../lib/gcc/arm-none-eabi/10.3.1/thumb/v8-m.base/nofp\libgcc.a(_aeabi_ldivmod.o) (__aeabi_ldiv0)
d:/renesas/ra/e2studio_v2022-10_fsp_v4.1.0/toolchains/gcc_arm/gcc-arm-none-eabi-10.3-2021.10/bin/../lib/gcc/arm-none-eabi/10.3.1/thumb/v8-m.base/nofp\libgcc.a(_divdi3.o)
                              d:/renesas/ra/e2studio_v2022-10_fsp_v4.1.0/toolchains/gcc_arm/gcc-arm-none-eabi-10.3-2021.10/bin/../lib/gcc/arm-none-eabi/10.3.1/thumb/v8-m.base/nofp\libgcc.a(bpabi.o) (__divdi3)
d:/renesas/ra/e2studio_v2022-10_fsp_v4.1.0/toolchains/gcc_arm/gcc-arm-none-eabi-10.3-2021.10/bin/../lib/gcc/arm-none-eabi/10.3.1/thumb/v8-m.base/nofp\libgcc.a(_clzsi2.o)
                              d:/renesas/ra/e2studio_v2022-10_fsp_v4.1.0/toolchains/gcc_arm/gcc-arm-none-eabi-10.3-2021.10/bin/../lib/gcc/arm-none-eabi/10.3.1/thumb/v8-m.base/nofp\libgcc.a(_divdi3.o) (__clzsi2)
d:/renesas/ra/e2studio_v2022-10_fsp_v4.1.0/toolchains/gcc_arm/gcc-arm-none-eabi-10.3-2021.10/bin/../lib/gcc/arm-none-eabi/10.3.1/../../../../arm-none-eabi/lib/thumb/v8-m.base/nofp\libg_nano.a(lib_a-errno.o)
                              ./ra/fsp/src/bsp/mcu/all/bsp_sbrk.o (__errno)
d:/renesas/ra/e2studio_v2022-10_fsp_v4.1.0/toolchains/gcc_arm/gcc-arm-none-eabi-10.3-2021.10/bin/../lib/gcc/arm-none-eabi/10.3.1/../../../../arm-none-eabi/lib/thumb/v8-m.base/nofp\libg_nano.a(lib_a-exit.o)
                              d:/renesas/ra/e2studio_v2022-10_fsp_v4.1.0/toolchains/gcc_arm/gcc-arm-none-eabi-10.3-2021.10/bin/../lib/gcc/arm-none-eabi/10.3.1/../../../../arm-none-eabi/lib/thumb/v8-m.base/nofp/crt0.o (exit)
d:/renesas/ra/e2studio_v2022-10_fsp_v4.1.0/toolchains/gcc_arm/gcc-arm-none-eabi-10.3-2021.10/bin/../lib/gcc/arm-none-eabi/10.3.1/../../../../arm-none-eabi/lib/thumb/v8-m.base/nofp\libg_nano.a(lib_a-impure.o)
                              d:/renesas/ra/e2studio_v2022-10_fsp_v4.1.0/toolchains/gcc_arm/gcc-arm-none-eabi-10.3-2021.10/bin/../lib/gcc/arm-none-eabi/10.3.1/../../../../arm-none-eabi/lib/thumb/v8-m.base/nofp\libg_nano.a(lib_a-exit.o) (_global_impure_ptr)
d:/renesas/ra/e2studio_v2022-10_fsp_v4.1.0/toolchains/gcc_arm/gcc-arm-none-eabi-10.3-2021.10/bin/../lib/gcc/arm-none-eabi/10.3.1/../../../../arm-none-eabi/lib/thumb/v8-m.base/nofp\libg_nano.a(lib_a-init.o)
                              d:/renesas/ra/e2studio_v2022-10_fsp_v4.1.0/toolchains/gcc_arm/gcc-arm-none-eabi-10.3-2021.10/bin/../lib/gcc/arm-none-eabi/10.3.1/../../../../arm-none-eabi/lib/thumb/v8-m.base/nofp/crt0.o (__libc_init_array)
d:/renesas/ra/e2studio_v2022-10_fsp_v4.1.0/toolchains/gcc_arm/gcc-arm-none-eabi-10.3-2021.10/bin/../lib/gcc/arm-none-eabi/10.3.1/../../../../arm-none-eabi/lib/thumb/v8-m.base/nofp\libg_nano.a(lib_a-memcpy-stub.o)
                              ./ra/fsp/src/r_sci_uart/r_sci_uart.o (memcpy)
d:/renesas/ra/e2studio_v2022-10_fsp_v4.1.0/toolchains/gcc_arm/gcc-arm-none-eabi-10.3-2021.10/bin/../lib/gcc/arm-none-eabi/10.3.1/../../../../arm-none-eabi/lib/thumb/v8-m.base/nofp\libg_nano.a(lib_a-memset.o)
                              d:/renesas/ra/e2studio_v2022-10_fsp_v4.1.0/toolchains/gcc_arm/gcc-arm-none-eabi-10.3-2021.10/bin/../lib/gcc/arm-none-eabi/10.3.1/../../../../arm-none-eabi/lib/thumb/v8-m.base/nofp/crt0.o (memset)
d:/renesas/ra/e2studio_v2022-10_fsp_v4.1.0/toolchains/gcc_arm/gcc-arm-none-eabi-10.3-2021.10/bin/../lib/gcc/arm-none-eabi/10.3.1/../../../../arm-none-eabi/lib/thumb/v8-m.base/nofp\libg_nano.a(lib_a-nano-vfprintf_float.o)
                              (_printf_float)
d:/renesas/ra/e2studio_v2022-10_fsp_v4.1.0/toolchains/gcc_arm/gcc-arm-none-eabi-10.3-2021.10/bin/../lib/gcc/arm-none-eabi/10.3.1/../../../../arm-none-eabi/lib/thumb/v8-m.base/nofp\libg_nano.a(lib_a-nano-vfprintf_i.o)
[...]
Memory Configuration

Name             Origin             Length             Attributes
ITCM             0x00000000         0x00000000         xr
DTCM             0x00000000         0x00000000         xrw
FLASH            0x00000000         0x00040000         xr
RAM              0x20000000         0x00008000         xrw
DATA_FLASH       0x40100000         0x00002000         xr
QSPI_FLASH       0x60000000         0x00000000         xr
OSPI_DEVICE_0    0x00000000         0x00000000         xr
OSPI_DEVICE_1    0x00000000         0x00000000         xr
OSPI_DEVICE_0_RAM 0x00000000         0x00000000         xrw
OSPI_DEVICE_1_RAM 0x00000000         0x00000000         xrw
SDRAM            0x00000000         0x00000000         xrw
OPTION_SETTING   0x00000000         0x00000000         r
OPTION_SETTING_S 0x00000000         0x00000000         r
ID_CODE          0x01010018         0x00000020         xr
*default*        0x00000000         0xffffffff

Linker script and memory map

LOAD d:/renesas/ra/e2studio_v2022-10_fsp_v4.1.0/toolchains/gcc_arm/gcc-arm-none-eabi-10.3-2021.10/bin/../lib/gcc/arm-none-eabi/10.3.1/thumb/v8-m.base/nofp/crti.o
LOAD d:/renesas/ra/e2studio_v2022-10_fsp_v4.1.0/toolchains/gcc_arm/gcc-arm-none-eabi-10.3-2021.10/bin/../lib/gcc/arm-none-eabi/10.3.1/thumb/v8-m.base/nofp/crtbegin.o
LOAD d:/renesas/ra/e2studio_v2022-10_fsp_v4.1.0/toolchains/gcc_arm/gcc-arm-none-eabi-10.3-2021.10/bin/../lib/gcc/arm-none-eabi/10.3.1/../../../../arm-none-eabi/lib/thumb/v8-m.base/nofp/crt0.o
START GROUP
LOAD ./src/hal_entry.o
LOAD ./ra_gen/common_data.o
LOAD ./ra_gen/hal_data.o
LOAD ./ra_gen/main.o
LOAD ./ra_gen/pin_data.o
LOAD ./ra_gen/vector_data.o
LOAD ./ra/fsp/src/r_sci_uart/r_sci_uart.o
LOAD ./ra/fsp/src/r_ioport/r_ioport.o
LOAD ./ra/fsp/src/bsp/mcu/ra2l1/bsp_power.o
LOAD ./ra/fsp/src/bsp/mcu/all/bsp_clocks.o
LOAD ./ra/fsp/src/bsp/mcu/all/bsp_common.o
LOAD ./ra/fsp/src/bsp/mcu/all/bsp_delay.o
LOAD ./ra/fsp/src/bsp/mcu/all/bsp_group_irq.o
LOAD ./ra/fsp/src/bsp/mcu/all/bsp_guard.o
LOAD ./ra/fsp/src/bsp/mcu/all/bsp_io.o
LOAD ./ra/fsp/src/bsp/mcu/all/bsp_irq.o
LOAD ./ra/fsp/src/bsp/mcu/all/bsp_register_protection.o
LOAD ./ra/fsp/src/bsp/mcu/all/bsp_rom_registers.o
LOAD ./ra/fsp/src/bsp/mcu/all/bsp_sbrk.o
LOAD ./ra/fsp/src/bsp/mcu/all/bsp_security.o
LOAD ./ra/fsp/src/bsp/cmsis/Device/RENESAS/Source/startup.o
LOAD ./ra/fsp/src/bsp/cmsis/Device/RENESAS/Source/system.o
LOAD ./ra/board/ra2l1_ek/board_init.o
LOAD ./ra/board/ra2l1_ek/board_leds.o
END GROUP
START GROUP
LOAD d:/renesas/ra/e2studio_v2022-10_fsp_v4.1.0/toolchains/gcc_arm/gcc-arm-none-eabi-10.3-2021.10/bin/../lib/gcc/arm-none-eabi/10.3.1/thumb/v8-m.base/nofp\libgcc.a
LOAD d:/renesas/ra/e2studio_v2022-10_fsp_v4.1.0/toolchains/gcc_arm/gcc-arm-none-eabi-10.3-2021.10/bin/../lib/gcc/arm-none-eabi/10.3.1/../../../../arm-none-eabi/lib/thumb/v8-m.base/nofp\libg_nano.a
LOAD d:/renesas/ra/e2studio_v2022-10_fsp_v4.1.0/toolchains/gcc_arm/gcc-arm-none-eabi-10.3-2021.10/bin/../lib/gcc/arm-none-eabi/10.3.1/../../../../arm-none-eabi/lib/thumb/v8-m.base/nofp\libc_nano.a
END GROUP
START GROUP
LOAD d:/renesas/ra/e2studio_v2022-10_fsp_v4.1.0/toolchains/gcc_arm/gcc-arm-none-eabi-10.3-2021.10/bin/../lib/gcc/arm-none-eabi/10.3.1/thumb/v8-m.base/nofp\libgcc.a
LOAD d:/renesas/ra/e2studio_v2022-10_fsp_v4.1.0/toolchains/gcc_arm/gcc-arm-none-eabi-10.3-2021.10/bin/../lib/gcc/arm-none-eabi/10.3.1/../../../../arm-none-eabi/lib/thumb/v8-m.base/nofp\libc_nano.a
END GROUP
LOAD d:/renesas/ra/e2studio_v2022-10_fsp_v4.1.0/toolchains/gcc_arm/gcc-arm-none-eabi-10.3-2021.10/bin/../lib/gcc/arm-none-eabi/10.3.1/thumb/v8-m.base/nofp/crtend.o
LOAD d:/renesas/ra/e2studio_v2022-10_fsp_v4.1.0/toolchains/gcc_arm/gcc-arm-none-eabi-10.3-2021.10/bin/../lib/gcc/arm-none-eabi/10.3.1/thumb/v8-m.base/nofp/crtn.o
                0x20000000                RAM_START = 0x20000000
                0x00008000                RAM_LENGTH = 0x8000
                0x00000000                FLASH_START = 0x0
                0x00040000                FLASH_LENGTH = 0x40000
                0x40100000                DATA_FLASH_START = 0x40100000
                0x00002000                DATA_FLASH_LENGTH = 0x2000
                0x00000000                OPTION_SETTING_START = 0x0
                0x00000000                OPTION_SETTING_LENGTH = 0x0
                0x00000000                OPTION_SETTING_S_START = 0x0
                0x00000000                OPTION_SETTING_S_LENGTH = 0x0
                0x01010018                ID_CODE_START = 0x1010018
                0x00000020                ID_CODE_LENGTH = 0x20
                0x00000000                SDRAM_START = 0x0
                0x00000000                SDRAM_LENGTH = 0x0
                0x60000000                QSPI_FLASH_START = 0x60000000
                0x00000000                QSPI_FLASH_LENGTH = 0x0
                0x00000000                OSPI_DEVICE_0_START = 0x0
                0x00000000                OSPI_DEVICE_0_LENGTH = 0x0
                0x00000000                OSPI_DEVICE_1_START = 0x0
                0x00000000                OSPI_DEVICE_1_LENGTH = 0x0
                0x00000000                QSPI_FLASH_PRV_LENGTH = DEFINED (QSPI_FLASH_SIZE)?ABSOLUTE (QSPI_FLASH_SIZE):ABSOLUTE (QSPI_FLASH_LENGTH)
                0x00000000                OSPI_DEVICE_0_PRV_LENGTH = DEFINED (OSPI_DEVICE_0_SIZE)?ABSOLUTE (OSPI_DEVICE_0_SIZE):ABSOLUTE (OSPI_DEVICE_0_LENGTH)
                0x00000000                OSPI_DEVICE_1_PRV_LENGTH = DEFINED (OSPI_DEVICE_1_SIZE)?ABSOLUTE (OSPI_DEVICE_1_SIZE):ABSOLUTE (OSPI_DEVICE_1_LENGTH)
                0x00000000                __RESERVE_NS_RAM = ((! (DEFINED (PROJECT_NONSECURE)) && DEFINED (RAM_NS_BUFFER_LENGTH)) && (OPTION_SETTING_S_LENGTH != 0x0))
                0x00000000                ITCM_START = DEFINED (ITCM_START)?ITCM_START:0x0
                0x00000000                ITCM_LENGTH = DEFINED (ITCM_LENGTH)?ITCM_LENGTH:0x0
                0x00000000                DTCM_START = DEFINED (DTCM_START)?DTCM_START:0x0
                0x00000000                DTCM_LENGTH = DEFINED (DTCM_LENGTH)?DTCM_LENGTH:0x0
                0x00000000                NS_OFFSET_START = DEFINED (NS_OFFSET_START)?NS_OFFSET_START:0x0
                0x00000000                NS_IMAGE_OFFSET = DEFINED (PROJECT_NONSECURE)?NS_OFFSET_START:0x0
                0x00000000                RAM_NS_BUFFER_BLOCK_LENGTH = DEFINED (RAM_NS_BUFFER_LENGTH)?ALIGN (RAM_NS_BUFFER_LENGTH, 0x2000):0x0
                0x00000000                RAM_NS_BUFFER_LENGTH = DEFINED (RAM_NS_BUFFER_LENGTH)?RAM_NS_BUFFER_LENGTH:0x0
                0x20008000                RAM_NS_BUFFER_START = ((RAM_START + RAM_LENGTH) - RAM_NS_BUFFER_LENGTH)
                0x20008000                RAM_NS_BUFFER_BLOCK_START = ((RAM_START + RAM_LENGTH) - RAM_NS_BUFFER_BLOCK_LENGTH)
                0x00000080                OPTION_SETTING_START_NS = DEFINED (PROJECT_NONSECURE)?OPTION_SETTING_START:(OPTION_SETTING_START + 0x80)
                0x00000001                __bl_FSP_BOOTABLE_IMAGE = 0x1
                0x00000001                __bln_FSP_BOOTABLE_IMAGE = 0x1
                0x00000000                PROJECT_SECURE_OR_FLAT = (((! (DEFINED (PROJECT_NONSECURE)) || DEFINED (PROJECT_SECURE)) && OPTION_SETTING_LENGTH) && ! (DEFINED (FSP_BOOTABLE_IMAGE)))
                0x00000000                USE_OPTION_SETTING_NS = (DEFINED (PROJECT_NONSECURE) && ! (DEFINED (FSP_BOOTABLE_IMAGE)))
                0x00000000                __bl_FLASH_IMAGE_START = ! (DEFINED (FLASH_BOOTLOADER_LENGTH))?0x0:(FLASH_APPLICATION_IMAGE_NUMBER == 0x1)?(FLASH_BOOTLOADER_LENGTH + FLASH_BOOTLOADER_HEADER_LENGTH):(((FLASH_BOOTLOADER_LENGTH + FLASH_BOOTLOADER_SCRATCH_LENGTH) + FLASH_APPLICATION_S_LENGTH) + FLASH_BOOTLOADER_HEADER_LENGTH)
                0x00000000                __bl_FLASH_IMAGE_LENGTH = ! (DEFINED (FLASH_BOOTLOADER_LENGTH))?0x0:(FLASH_APPLICATION_S_LENGTH - FLASH_BOOTLOADER_HEADER_LENGTH)
                0x00000000                __bl_FLASH_IMAGE_END = (__bl_FLASH_IMAGE_START + __bl_FLASH_IMAGE_LENGTH)
                0x00000000                __bl_XIP_SECONDARY_FLASH_IMAGE_START = ! (DEFINED (FLASH_BOOTLOADER_LENGTH))?0x0:((FLASH_BOOTLOADER_LENGTH + FLASH_APPLICATION_S_LENGTH) + FLASH_BOOTLOADER_HEADER_LENGTH)
                0x00000000                __bl_XIP_SECONDARY_FLASH_IMAGE_END = (__bl_XIP_SECONDARY_FLASH_IMAGE_START + __bl_FLASH_IMAGE_LENGTH)
                0x00000000                __bl_FLASH_NS_START = ! (DEFINED (FLASH_BOOTLOADER_LENGTH))?0x0:(FLASH_APPLICATION_NS_LENGTH == 0x0)?__bl_FLASH_IMAGE_END:((__bl_FLASH_IMAGE_START - FLASH_BOOTLOADER_HEADER_LENGTH) + FLASH_APPLICATION_S_LENGTH)
                0x00000000                __bl_FLASH_NSC_START = ! (DEFINED (FLASH_BOOTLOADER_LENGTH))?0x0:(FLASH_APPLICATION_NS_LENGTH == 0x0)?__bl_FLASH_IMAGE_END:(__bl_FLASH_NS_START - FLASH_APPLICATION_NSC_LENGTH)
                0x00000000                __bl_RAM_NS_START = ! (DEFINED (FLASH_BOOTLOADER_LENGTH))?0x0:(FLASH_APPLICATION_NS_LENGTH == 0x0)?(RAM_START + RAM_LENGTH):((RAM_START + RAM_LENGTH) - RAM_APPLICATION_NS_LENGTH)
                0x00000000                __bl_RAM_NSC_START = ! (DEFINED (FLASH_BOOTLOADER_LENGTH))?0x0:(FLASH_APPLICATION_NS_LENGTH == 0x0)?(RAM_START + RAM_LENGTH):(__bl_RAM_NS_START - RAM_APPLICATION_NSC_LENGTH)
                0x00000000                __bl_FLASH_NS_IMAGE_START = ! (DEFINED (FLASH_BOOTLOADER_LENGTH))?0x0:(FLASH_APPLICATION_NS_LENGTH == 0x0)?__bl_FLASH_IMAGE_END:(__bl_FLASH_NS_START + FLASH_BOOTLOADER_HEADER_LENGTH_2)
                0x00000000                __bln_FLASH_IMAGE_START = __bl_FLASH_NS_IMAGE_START
                0x00000000                __bln_FLASH_IMAGE_LENGTH = ! (DEFINED (FLASH_BOOTLOADER_LENGTH))?0x0:(FLASH_APPLICATION_NS_LENGTH == 0x0)?__bl_FLASH_IMAGE_END:(FLASH_APPLICATION_NS_LENGTH - FLASH_BOOTLOADER_HEADER_LENGTH_2)
                0x00000000                XIP_SECONDARY_SLOT_IMAGE = DEFINED (XIP_SECONDARY_SLOT_IMAGE)?XIP_SECONDARY_SLOT_IMAGE:0x0
                0x00000000                FLASH_ORIGIN = ! (DEFINED (FLASH_IMAGE_START))?FLASH_START:(XIP_SECONDARY_SLOT_IMAGE == 0x1)?XIP_SECONDARY_FLASH_IMAGE_START:FLASH_IMAGE_START
                0x00040000                LIMITED_FLASH_LENGTH = DEFINED (FLASH_IMAGE_LENGTH)?FLASH_IMAGE_LENGTH:DEFINED (FLASH_BOOTLOADER_LENGTH)?FLASH_BOOTLOADER_LENGTH:FLASH_LENGTH
START GROUP
LOAD d:/renesas/ra/e2studio_v2022-10_fsp_v4.1.0/toolchains/gcc_arm/gcc-arm-none-eabi-10.3-2021.10/bin/../lib/gcc/arm-none-eabi/10.3.1/thumb/v8-m.base/nofp\libgcc.a
LOAD d:/renesas/ra/e2studio_v2022-10_fsp_v4.1.0/toolchains/gcc_arm/gcc-arm-none-eabi-10.3-2021.10/bin/../lib/gcc/arm-none-eabi/10.3.1/../../../../arm-none-eabi/lib/thumb/v8-m.base/nofp\libc.a
LOAD d:/renesas/ra/e2studio_v2022-10_fsp_v4.1.0/toolchains/gcc_arm/gcc-arm-none-eabi-10.3-2021.10/bin/../lib/gcc/arm-none-eabi/10.3.1/../../../../arm-none-eabi/lib/thumb/v8-m.base/nofp\libm.a
LOAD d:/renesas/ra/e2studio_v2022-10_fsp_v4.1.0/toolchains/gcc_arm/gcc-arm-none-eabi-10.3-2021.10/bin/../lib/gcc/arm-none-eabi/10.3.1/../../../../arm-none-eabi/lib/thumb/v8-m.base/nofp\libnosys.a
END GROUP

.itcm_data      0x00000000        0x0
                0x00000000                __tz_ITCM_S = ABSOLUTE (ITCM_START)
                0x00000000                __itcm_data_start__ = .
 *(.itcm_data*)
                0x00000000                __itcm_data_end__ = .
                0x00000000                __tz_ITCM_N = DEFINED (ITCM_NS_START)?ABSOLUTE (ITCM_NS_START):ALIGN (__itcm_data_end__, 0x2000)

.text           0x00000000     0x640c
                0x00000000                __tz_FLASH_S = ABSOLUTE (FLASH_START)
                0x00000000                __ROM_Start = .
 *(.fixed_vectors*)
 .fixed_vectors
                0x00000000       0x40 ./ra/fsp/src/bsp/cmsis/Device/RENESAS/Source/startup.o
                0x00000000                __Vectors
 *(.application_vectors*)
 .application_vectors
                0x00000040       0x80 ./ra_gen/vector_data.o
                0x00000040                g_vector_table
                0x000000c0                __Vectors_End = .
                0x00000400                . = (OPTION_SETTING_LENGTH > 0x0)?.:(__ROM_Start + 0x400)
 *fill*         0x000000c0      0x340 ff
 *(.rom_registers*)
 .rom_registers
                0x00000400       0x3c ./ra/fsp/src/bsp/mcu/all/bsp_rom_registers.o
                0x00000500                . = (OPTION_SETTING_LENGTH > 0x0)?.:(__ROM_Start + 0x500)
 *fill*         0x0000043c       0xc4 ff
                0x00000500                . = ALIGN (0x80)
 *(.mcuboot_sce9_key*)
 *(.text*)
 .text          0x00000500       0x50 d:/renesas/ra/e2studio_v2022-10_fsp_v4.1.0/toolchains/gcc_arm/gcc-arm-none-eabi-10.3-2021.10/bin/../lib/gcc/arm-none-eabi/10.3.1/thumb/v8-m.base/nofp/crtbegin.o
 .text.g_uart0CB
                0x00000550       0x14 ./src/hal_entry.o
                0x00000550                g_uart0CB
 .text._write   0x00000564       0x50 ./src/hal_entry.o
                0x00000564                _write
 .text.hal_entry
                0x000005b4      0x150 ./src/hal_entry.o
                0x000005b4                hal_entry
 .text.R_BSP_WarmStart
                0x00000704       0x38 ./src/hal_entry.o
                0x00000704                R_BSP_WarmStart
 .text.startup.main
                0x0000073c        0xc ./ra_gen/main.o
                0x0000073c                main
 .text.R_SCI_UART_Write
                0x00000748       0x40 ./ra/fsp/src/r_sci_uart/r_sci_uart.o
                0x00000748                R_SCI_UART_Write
 .text.r_sci_irq_cfg
                0x00000788       0x88 ./ra/fsp/src/r_sci_uart/r_sci_uart.o
 .text.r_sci_uart_call_callback
                0x00000810       0x50 ./ra/fsp/src/r_sci_uart/r_sci_uart.o
 .text.R_SCI_UART_Open
                0x00000860      0x2a8 ./ra/fsp/src/r_sci_uart/r_sci_uart.o
                0x00000860                R_SCI_UART_Open
 .text.sci_uart_txi_isr
                0x00000b08       0x94 ./ra/fsp/src/r_sci_uart/r_sci_uart.o
                0x00000b08                sci_uart_txi_isr
 .text.sci_uart_rxi_isr
                0x00000b9c       0xa0 ./ra/fsp/src/r_sci_uart/r_sci_uart.o
                0x00000b9c                sci_uart_rxi_isr
 .text.sci_uart_tei_isr
                0x00000c3c       0x4c ./ra/fsp/src/r_sci_uart/r_sci_uart.o
                0x00000c3c                sci_uart_tei_isr
 .text.sci_uart_eri_isr
                0x00000c88       0x78 ./ra/fsp/src/r_sci_uart/r_sci_uart.o
                0x00000c88                sci_uart_eri_isr
 .text.R_IOPORT_Close
                0x00000d00        0x8 ./ra/fsp/src/r_ioport/r_ioport.o
                0x00000d00                R_IOPORT_Close
 .text.R_IOPORT_PinRead
                0x00000d08       0x24 ./ra/fsp/src/r_ioport/r_ioport.o
                0x00000d08                R_IOPORT_PinRead
 .text.R_IOPORT_PortRead
                0x00000d2c       0x18 ./ra/fsp/src/r_ioport/r_ioport.o
                0x00000d2c                R_IOPORT_PortRead
 .text.R_IOPORT_PortWrite
                0x00000d44       0x20 ./ra/fsp/src/r_ioport/r_ioport.o
                0x00000d44                R_IOPORT_PortWrite
 .text.R_IOPORT_PinWrite
                0x00000d64       0x28 ./ra/fsp/src/r_ioport/r_ioport.o
                0x00000d64                R_IOPORT_PinWrite
 .text.R_IOPORT_PortDirectionSet
                0x00000d8c       0x24 ./ra/fsp/src/r_ioport/r_ioport.o
                0x00000d8c                R_IOPORT_PortDirectionSet
 .text.R_IOPORT_PortEventInputRead
                0x00000db0       0x18 ./ra/fsp/src/r_ioport/r_ioport.o
                0x00000db0                R_IOPORT_PortEventInputRead
 .text.R_IOPORT_PinEventInputRead
                0x00000dc8       0x2c ./ra/fsp/src/r_ioport/r_ioport.o
                0x00000dc8                R_IOPORT_PinEventInputRead
 .text.R_IOPORT_PortEventOutputWrite
                0x00000df4       0x20 ./ra/fsp/src/r_ioport/r_ioport.o
                0x00000df4                R_IOPORT_PortEventOutputWrite
 .text.R_IOPORT_PinEventOutputWrite
                0x00000e14       0x4c ./ra/fsp/src/r_ioport/r_ioport.o
                0x00000e14                R_IOPORT_PinEventOutputWrite
 .text.r_ioport_pins_config
                0x00000e60       0xf8 ./ra/fsp/src/r_ioport/r_ioport.o
 .text.R_IOPORT_Open
                0x00000f58       0x18 ./ra/fsp/src/r_ioport/r_ioport.o
                0x00000f58                R_IOPORT_Open
 .text.R_IOPORT_PinsCfg
                0x00000f70        0xc ./ra/fsp/src/r_ioport/r_ioport.o
                0x00000f70                R_IOPORT_PinsCfg
 .text.R_IOPORT_PinCfg
                0x00000f7c       0xa0 ./ra/fsp/src/r_ioport/r_ioport.o
                0x00000f7c                R_IOPORT_PinCfg
 .text.SystemCoreClockUpdate
                0x0000101c       0x2c ./ra/fsp/src/bsp/mcu/all/bsp_clocks.o
                0x0000101c                SystemCoreClockUpdate
 .text.bsp_clock_init
                0x00001048      0x108 ./ra/fsp/src/bsp/mcu/all/bsp_clocks.o
                0x00001048                bsp_clock_init
 .text.__assert_func
                0x00001150        0x4 ./ra/fsp/src/bsp/mcu/all/bsp_common.o
                0x00001150                __assert_func
 .text.bsp_prv_software_delay_loop
                0x00001154        0x8 ./ra/fsp/src/bsp/mcu/all/bsp_delay.o
                0x00001154                bsp_prv_software_delay_loop
 .text.R_BSP_SoftwareDelay
                0x0000115c       0x5c ./ra/fsp/src/bsp/mcu/all/bsp_delay.o
                0x0000115c                R_BSP_SoftwareDelay
 .text.NMI_Handler
                0x000011b8       0x48 ./ra/fsp/src/bsp/mcu/all/bsp_group_irq.o
                0x000011b8                NMI_Handler
 .text.bsp_irq_cfg
                0x00001200       0x28 ./ra/fsp/src/bsp/mcu/all/bsp_irq.o
                0x00001200                bsp_irq_cfg
 .text.R_BSP_RegisterProtectEnable
                0x00001228       0x54 ./ra/fsp/src/bsp/mcu/all/bsp_register_protection.o
                0x00001228                R_BSP_RegisterProtectEnable
 .text.R_BSP_RegisterProtectDisable
                0x0000127c       0x4c ./ra/fsp/src/bsp/mcu/all/bsp_register_protection.o
                0x0000127c                R_BSP_RegisterProtectDisable
 .text._sbrk    0x000012c8       0x44 ./ra/fsp/src/bsp/mcu/all/bsp_sbrk.o
                0x000012c8                _sbrk
 .text.Default_Handler
                0x0000130c        0x4 ./ra/fsp/src/bsp/cmsis/Device/RENESAS/Source/startup.o
                0x0000130c                DebugMon_Handler
                0x0000130c                HardFault_Handler
                0x0000130c                SysTick_Handler
                0x0000130c                PendSV_Handler
                0x0000130c                UsageFault_Handler
                0x0000130c                SecureFault_Handler
                0x0000130c                Default_Handler
                0x0000130c                MemManage_Handler
                0x0000130c                SVC_Handler
                0x0000130c                BusFault_Handler
 .text.Reset_Handler
                0x00001310        0xc ./ra/fsp/src/bsp/cmsis/Device/RENESAS/Source/startup.o
                0x00001310                Reset_Handler
 .text.SystemInit
                0x0000131c      0x140 ./ra/fsp/src/bsp/cmsis/Device/RENESAS/Source/system.o
                0x0000131c                SystemInit
 .text.bsp_init
                0x0000145c        0x4 ./ra/board/ra2l1_ek/board_init.o
                0x0000145c                bsp_init
 .text          0x00001460       0x5c d:/renesas/ra/e2studio_v2022-10_fsp_v4.1.0/toolchains/gcc_arm/gcc-arm-none-eabi-10.3-2021.10/bin/../lib/gcc/arm-none-eabi/10.3.1/thumb/v8-m.base/nofp\libgcc.a(_muldi3.o)
                0x00001460                __muldi3
                0x00001460                __aeabi_lmul
 .text          0x000014bc       0x3c d:/renesas/ra/e2studio_v2022-10_fsp_v4.1.0/toolchains/gcc_arm/gcc-arm-none-eabi-10.3-2021.10/bin/../lib/gcc/arm-none-eabi/10.3.1/thumb/v8-m.base/nofp\libgcc.a(_clzsi2.o)
                0x000014bc                __clzsi2
 .text.__errno  0x000014f8        0xc d:/renesas/ra/e2studio_v2022-10_fsp_v4.1.0/toolchains/gcc_arm/gcc-arm-none-eabi-10.3-2021.10/bin/../lib/gcc/arm-none-eabi/10.3.1/../../../../arm-none-eabi/lib/thumb/v8-m.base/nofp\libg_nano.a(lib_a-errno.o)
                0x000014f8                __errno
 .text.memcpy   0x00001504       0x12 d:/renesas/ra/e2studio_v2022-10_fsp_v4.1.0/toolchains/gcc_arm/gcc-arm-none-eabi-10.3-2021.10/bin/../lib/gcc/arm-none-eabi/10.3.1/../../../../arm-none-eabi/lib/thumb/v8-m.base/nofp\libg_nano.a(lib_a-memcpy-stub.o)
                0x00001504                memcpy
 .text.memset   0x00001516       0x10 d:/renesas/ra/e2studio_v2022-10_fsp_v4.1.0/toolchains/gcc_arm/gcc-arm-none-eabi-10.3-2021.10/bin/../lib/gcc/arm-none-eabi/10.3.1/../../../../arm-none-eabi/lib/thumb/v8-m.base/nofp\libg_nano.a(lib_a-memset.o)
                0x00001516                memset
 .text.__cvt    0x00001526       0xc2 d:/renesas/ra/e2studio_v2022-10_fsp_v4.1.0/toolchains/gcc_arm/gcc-arm-none-eabi-10.3-2021.10/bin/../lib/gcc/arm-none-eabi/10.3.1/../../../../arm-none-eabi/lib/thumb/v8-m.base/nofp\libg_nano.a(lib_a-nano-vfprintf_float.o)
                0x00001526                __cvt
 .text.__exponent
                0x000015e8       0x70 d:/renesas/ra/e2studio_v2022-10_fsp_v4.1.0/toolchains/gcc_arm/gcc-arm-none-eabi-10.3-2021.10/bin/../lib/gcc/arm-none-eabi/10.3.1/../../../../arm-none-eabi/lib/thumb/v8-m.base/nofp\libg_nano.a(lib_a-nano-vfprintf_float.o)
                0x000015e8                __exponent
 .text._printf_float
                0x00001658      0x478 d:/renesas/ra/e2studio_v2022-10_fsp_v4.1.0/toolchains/gcc_arm/gcc-arm-none-eabi-10.3-2021.10/bin/../lib/gcc/arm-none-eabi/10.3.1/../../../../arm-none-eabi/lib/thumb/v8-m.base/nofp\libg_nano.a(lib_a-nano-vfprintf_float.o)
                0x00001658                _printf_float
 .text._printf_common
                0x00001ad0       0xdc d:/renesas/ra/e2studio_v2022-10_fsp_v4.1.0/toolchains/gcc_arm/gcc-arm-none-eabi-10.3-2021.10/bin/../lib/gcc/arm-none-eabi/10.3.1/../../../../arm-none-eabi/lib/thumb/v8-m.base/nofp\libg_nano.a(lib_a-nano-vfprintf_i.o)
                0x00001ad0                _printf_common
 .text._printf_i
                0x00001bac      0x218 d:/renesas/ra/e2studio_v2022-10_fsp_v4.1.0/toolchains/gcc_arm/gcc-arm-none-eabi-10.3-2021.10/bin/../lib/gcc/arm-none-eabi/10.3.1/../../../../arm-none-eabi/lib/thumb/v8-m.base/nofp\libg_nano.a(lib_a-nano-vfprintf_i.o)
                0x00001bac                _printf_i
 .text.printf   0x00001dc4       0x30 d:/renesas/ra/e2studio_v2022-10_fsp_v4.1.0/toolchains/gcc_arm/gcc-arm-none-eabi-10.3-2021.10/bin/../lib/gcc/arm-none-eabi/10.3.1/../../../../arm-none-eabi/lib/thumb/v8-m.base/nofp\libg_nano.a(lib_a-printf.o)
                0x00001dc4                iprintf
                0x00001dc4                printf
 .text          0x00001df4        0xe d:/renesas/ra/e2studio_v2022-10_fsp_v4.1.0/toolchains/gcc_arm/gcc-arm-none-eabi-10.3-2021.10/bin/../lib/gcc/arm-none-eabi/10.3.1/../../../../arm-none-eabi/lib/thumb/v8-m.base/nofp\libg_nano.a(lib_a-strlen.o)
                0x00001df4                strlen
 .text.quorem   0x00001e02      0x10c d:/renesas/ra/e2studio_v2022-10_fsp_v4.1.0/toolchains/gcc_arm/gcc-arm-none-eabi-10.3-2021.10/bin/../lib/gcc/arm-none-eabi/10.3.1/../../../../arm-none-eabi/lib/thumb/v8-m.base/nofp\libg_nano.a(lib_a-dtoa.o)
 *fill*         0x00001f0e        0x2 ff
 .text._dtoa_r  0x00001f10      0xc20 d:/renesas/ra/e2studio_v2022-10_fsp_v4.1.0/toolchains/gcc_arm/gcc-arm-none-eabi-10.3-2021.10/bin/../lib/gcc/arm-none-eabi/10.3.1/../../../../arm-none-eabi/lib/thumb/v8-m.base/nofp\libg_nano.a(lib_a-dtoa.o)
                0x00001f10                _dtoa_r
 .text.std      0x00002b30       0x48 d:/renesas/ra/e2studio_v2022-10_fsp_v4.1.0/toolchains/gcc_arm/gcc-arm-none-eabi-10.3-2021.10/bin/../lib/gcc/arm-none-eabi/10.3.1/../../../../arm-none-eabi/lib/thumb/v8-m.base/nofp\libg_nano.a(lib_a-findfp.o)
 .text._cleanup_r
                0x00002b78       0x10 d:/renesas/ra/e2studio_v2022-10_fsp_v4.1.0/toolchains/gcc_arm/gcc-arm-none-eabi-10.3-2021.10/bin/../lib/gcc/arm-none-eabi/10.3.1/../../../../arm-none-eabi/lib/thumb/v8-m.base/nofp\libg_nano.a(lib_a-findfp.o)
                0x00002b78                _cleanup_r
 .text.__sfmoreglue
                0x00002b88       0x2c d:/renesas/ra/e2studio_v2022-10_fsp_v4.1.0/toolchains/gcc_arm/gcc-arm-none-eabi-10.3-2021.10/bin/../lib/gcc/arm-none-eabi/10.3.1/../../../../arm-none-eabi/lib/thumb/v8-m.base/nofp\libg_nano.a(lib_a-findfp.o)
                0x00002b88                __sfmoreglue
 .text.__sfp_lock_acquire
                0x00002bb4       0x10 d:/renesas/ra/e2studio_v2022-10_fsp_v4.1.0/toolchains/gcc_arm/gcc-arm-none-eabi-10.3-2021.10/bin/../lib/gcc/arm-none-eabi/10.3.1/../../../../arm-none-eabi/lib/thumb/v8-m.base/nofp\libg_nano.a(lib_a-findfp.o)
                0x00002bb4                __sfp_lock_acquire
 .text.__sfp_lock_release
                0x00002bc4       0x10 d:/renesas/ra/e2studio_v2022-10_fsp_v4.1.0/toolchains/gcc_arm/gcc-arm-none-eabi-10.3-2021.10/bin/../lib/gcc/arm-none-eabi/10.3.1/../../../../arm-none-eabi/lib/thumb/v8-m.base/nofp\libg_nano.a(lib_a-findfp.o)
                0x00002bc4                __sfp_lock_release
 .text.__sinit_lock_acquire
                0x00002bd4       0x10 d:/renesas/ra/e2studio_v2022-10_fsp_v4.1.0/toolchains/gcc_arm/gcc-arm-none-eabi-10.3-2021.10/bin/../lib/gcc/arm-none-eabi/10.3.1/../../../../arm-none-eabi/lib/thumb/v8-m.base/nofp\libg_nano.a(lib_a-findfp.o)
                0x00002bd4                __sinit_lock_acquire
 .text.__sinit_lock_release
                0x00002be4       0x10 d:/renesas/ra/e2studio_v2022-10_fsp_v4.1.0/toolchains/gcc_arm/gcc-arm-none-eabi-10.3-2021.10/bin/../lib/gcc/arm-none-eabi/10.3.1/../../../../arm-none-eabi/lib/thumb/v8-m.base/nofp\libg_nano.a(lib_a-findfp.o)
                0x00002be4                __sinit_lock_release
 .text.__sinit  0x00002bf4       0x70 d:/renesas/ra/e2studio_v2022-10_fsp_v4.1.0/toolchains/gcc_arm/gcc-arm-none-eabi-10.3-2021.10/bin/../lib/gcc/arm-none-eabi/10.3.1/../../../../arm-none-eabi/lib/thumb/v8-m.base/nofp\libg_nano.a(lib_a-findfp.o)
                0x00002bf4                __sinit
 .text.__sfp    0x00002c64       0x8c d:/renesas/ra/e2studio_v2022-10_fsp_v4.1.0/toolchains/gcc_arm/gcc-arm-none-eabi-10.3-2021.10/bin/../lib/gcc/arm-none-eabi/10.3.1/../../../../arm-none-eabi/lib/thumb/v8-m.base/nofp\libg_nano.a(lib_a-findfp.o)
                0x00002c64                __sfp
 .text._fwalk_reent
                0x00002cf0       0x40 d:/renesas/ra/e2studio_v2022-10_fsp_v4.1.0/toolchains/gcc_arm/gcc-arm-none-eabi-10.3-2021.10/bin/../lib/gcc/arm-none-eabi/10.3.1/../../../../arm-none-eabi/lib/thumb/v8-m.base/nofp\libg_nano.a(lib_a-fwalk.o)
                0x00002cf0                _fwalk_reent
 .text._localeconv_r
                0x00002d30        0x8 d:/renesas/ra/e2studio_v2022-10_fsp_v4.1.0/toolchains/gcc_arm/gcc-arm-none-eabi-10.3-2021.10/bin/../lib/gcc/arm-none-eabi/10.3.1/../../../../arm-none-eabi/lib/thumb/v8-m.base/nofp\libg_nano.a(lib_a-localeconv.o)
                0x00002d30                _localeconv_r
 .text.__retarget_lock_init_recursive
                0x00002d38        0x2 d:/renesas/ra/e2studio_v2022-10_fsp_v4.1.0/toolchains/gcc_arm/gcc-arm-none-eabi-10.3-2021.10/bin/../lib/gcc/arm-none-eabi/10.3.1/../../../../arm-none-eabi/lib/thumb/v8-m.base/nofp\libg_nano.a(lib_a-lock.o)
                0x00002d38                __retarget_lock_init_recursive
 .text.__retarget_lock_acquire_recursive
                0x00002d3a        0x2 d:/renesas/ra/e2studio_v2022-10_fsp_v4.1.0/toolchains/gcc_arm/gcc-arm-none-eabi-10.3-2021.10/bin/../lib/gcc/arm-none-eabi/10.3.1/../../../../arm-none-eabi/lib/thumb/v8-m.base/nofp\libg_nano.a(lib_a-lock.o)
                0x00002d3a                __retarget_lock_acquire_recursive
 .text.__retarget_lock_release_recursive
                0x00002d3c        0x2 d:/renesas/ra/e2studio_v2022-10_fsp_v4.1.0/toolchains/gcc_arm/gcc-arm-none-eabi-10.3-2021.10/bin/../lib/gcc/arm-none-eabi/10.3.1/../../../../arm-none-eabi/lib/thumb/v8-m.base/nofp\libg_nano.a(lib_a-lock.o)
                0x00002d3c                __retarget_lock_release_recursive
 *fill*         0x00002d3e        0x2 ff
 .text.malloc   0x00002d40       0x14 d:/renesas/ra/e2studio_v2022-10_fsp_v4.1.0/toolchains/gcc_arm/gcc-arm-none-eabi-10.3-2021.10/bin/../lib/gcc/arm-none-eabi/10.3.1/../../../../arm-none-eabi/lib/thumb/v8-m.base/nofp\libg_nano.a(lib_a-malloc.o)
                0x00002d40                malloc
 .text.memchr   0x00002d54       0x16 d:/renesas/ra/e2studio_v2022-10_fsp_v4.1.0/toolchains/gcc_arm/gcc-arm-none-eabi-10.3-2021.10/bin/../lib/gcc/arm-none-eabi/10.3.1/../../../../arm-none-eabi/lib/thumb/v8-m.base/nofp\libg_nano.a(lib_a-memchr-stub.o)
                0x00002d54                memchr
 *fill*         0x00002d6a        0x2 ff
 .text._Balloc  0x00002d6c       0x80 d:/renesas/ra/e2studio_v2022-10_fsp_v4.1.0/toolchains/gcc_arm/gcc-arm-none-eabi-10.3-2021.10/bin/../lib/gcc/arm-none-eabi/10.3.1/../../../../arm-none-eabi/lib/thumb/v8-m.base/nofp\libg_nano.a(lib_a-mprec.o)
                0x00002d6c                _Balloc
 .text._Bfree   0x00002dec       0x44 d:/renesas/ra/e2studio_v2022-10_fsp_v4.1.0/toolchains/gcc_arm/gcc-arm-none-eabi-10.3-2021.10/bin/../lib/gcc/arm-none-eabi/10.3.1/../../../../arm-none-eabi/lib/thumb/v8-m.base/nofp\libg_nano.a(lib_a-mprec.o)
                0x00002dec                _Bfree
 .text.__multadd
                0x00002e30       0x84 d:/renesas/ra/e2studio_v2022-10_fsp_v4.1.0/toolchains/gcc_arm/gcc-arm-none-eabi-10.3-2021.10/bin/../lib/gcc/arm-none-eabi/10.3.1/../../../../arm-none-eabi/lib/thumb/v8-m.base/nofp\libg_nano.a(lib_a-mprec.o)
                0x00002e30                __multadd
 .text.__hi0bits
                0x00002eb4       0x32 d:/renesas/ra/e2studio_v2022-10_fsp_v4.1.0/toolchains/gcc_arm/gcc-arm-none-eabi-10.3-2021.10/bin/../lib/gcc/arm-none-eabi/10.3.1/../../../../arm-none-eabi/lib/thumb/v8-m.base/nofp\libg_nano.a(lib_a-mprec.o)
                0x00002eb4                __hi0bits
 .text.__lo0bits
                0x00002ee6       0x5a d:/renesas/ra/e2studio_v2022-10_fsp_v4.1.0/toolchains/gcc_arm/gcc-arm-none-eabi-10.3-2021.10/bin/../lib/gcc/arm-none-eabi/10.3.1/../../../../arm-none-eabi/lib/thumb/v8-m.base/nofp\libg_nano.a(lib_a-mprec.o)
                0x00002ee6                __lo0bits
 .text.__i2b    0x00002f40       0x2c d:/renesas/ra/e2studio_v2022-10_fsp_v4.1.0/toolchains/gcc_arm/gcc-arm-none-eabi-10.3-2021.10/bin/../lib/gcc/arm-none-eabi/10.3.1/../../../../arm-none-eabi/lib/thumb/v8-m.base/nofp\libg_nano.a(lib_a-mprec.o)
                0x00002f40                __i2b
 .text.__multiply
                0x00002f6c      0x15c d:/renesas/ra/e2studio_v2022-10_fsp_v4.1.0/toolchains/gcc_arm/gcc-arm-none-eabi-10.3-2021.10/bin/../lib/gcc/arm-none-eabi/10.3.1/../../../../arm-none-eabi/lib/thumb/v8-m.base/nofp\libg_nano.a(lib_a-mprec.o)
                0x00002f6c                __multiply
 .text.__pow5mult
                0x000030c8       0xb0 d:/renesas/ra/e2studio_v2022-10_fsp_v4.1.0/toolchains/gcc_arm/gcc-arm-none-eabi-10.3-2021.10/bin/../lib/gcc/arm-none-eabi/10.3.1/../../../../arm-none-eabi/lib/thumb/v8-m.base/nofp\libg_nano.a(lib_a-mprec.o)
                0x000030c8                __pow5mult
 .text.__lshift
                0x00003178       0xd8 d:/renesas/ra/e2studio_v2022-10_fsp_v4.1.0/toolchains/gcc_arm/gcc-arm-none-eabi-10.3-2021.10/bin/../lib/gcc/arm-none-eabi/10.3.1/../../../../arm-none-eabi/lib/thumb/v8-m.base/nofp\libg_nano.a(lib_a-mprec.o)
                0x00003178                __lshift
 .text.__mcmp   0x00003250       0x36 d:/renesas/ra/e2studio_v2022-10_fsp_v4.1.0/toolchains/gcc_arm/gcc-arm-none-eabi-10.3-2021.10/bin/../lib/gcc/arm-none-eabi/10.3.1/../../../../arm-none-eabi/lib/thumb/v8-m.base/nofp\libg_nano.a(lib_a-mprec.o)
                0x00003250                __mcmp
 *fill*         0x00003286        0x2 ff
 .text.__mdiff  0x00003288      0x12c d:/renesas/ra/e2studio_v2022-10_fsp_v4.1.0/toolchains/gcc_arm/gcc-arm-none-eabi-10.3-2021.10/bin/../lib/gcc/arm-none-eabi/10.3.1/../../../../arm-none-eabi/lib/thumb/v8-m.base/nofp\libg_nano.a(lib_a-mprec.o)
                0x00003288                __mdiff
 .text.__d2b    0x000033b4       0xc0 d:/renesas/ra/e2studio_v2022-10_fsp_v4.1.0/toolchains/gcc_arm/gcc-arm-none-eabi-10.3-2021.10/bin/../lib/gcc/arm-none-eabi/10.3.1/../../../../arm-none-eabi/lib/thumb/v8-m.base/nofp\libg_nano.a(lib_a-mprec.o)
                0x000033b4                __d2b
 .text._calloc_r
                0x00003474       0x54 d:/renesas/ra/e2studio_v2022-10_fsp_v4.1.0/toolchains/gcc_arm/gcc-arm-none-eabi-10.3-2021.10/bin/../lib/gcc/arm-none-eabi/10.3.1/../../../../arm-none-eabi/lib/thumb/v8-m.base/nofp\libg_nano.a(lib_a-nano-callocr.o)
                0x00003474                _calloc_r
 .text._free_r  0x000034c8       0x8c d:/renesas/ra/e2studio_v2022-10_fsp_v4.1.0/toolchains/gcc_arm/gcc-arm-none-eabi-10.3-2021.10/bin/../lib/gcc/arm-none-eabi/10.3.1/../../../../arm-none-eabi/lib/thumb/v8-m.base/nofp\libg_nano.a(lib_a-nano-freer.o)
                0x000034c8                _free_r
 .text.sbrk_aligned
                0x00003554       0x40 d:/renesas/ra/e2studio_v2022-10_fsp_v4.1.0/toolchains/gcc_arm/gcc-arm-none-eabi-10.3-2021.10/bin/../lib/gcc/arm-none-eabi/10.3.1/../../../../arm-none-eabi/lib/thumb/v8-m.base/nofp\libg_nano.a(lib_a-nano-mallocr.o)
 .text._malloc_r
                0x00003594       0xec d:/renesas/ra/e2studio_v2022-10_fsp_v4.1.0/toolchains/gcc_arm/gcc-arm-none-eabi-10.3-2021.10/bin/../lib/gcc/arm-none-eabi/10.3.1/../../../../arm-none-eabi/lib/thumb/v8-m.base/nofp\libg_nano.a(lib_a-nano-mallocr.o)
                0x00003594                _malloc_r
 .text.__sfputc_r
                0x00003680       0x2a d:/renesas/ra/e2studio_v2022-10_fsp_v4.1.0/toolchains/gcc_arm/gcc-arm-none-eabi-10.3-2021.10/bin/../lib/gcc/arm-none-eabi/10.3.1/../../../../arm-none-eabi/lib/thumb/v8-m.base/nofp\libg_nano.a(lib_a-nano-vfprintf.o)
 .text.__sfputs_r
                0x000036aa       0x24 d:/renesas/ra/e2studio_v2022-10_fsp_v4.1.0/toolchains/gcc_arm/gcc-arm-none-eabi-10.3-2021.10/bin/../lib/gcc/arm-none-eabi/10.3.1/../../../../arm-none-eabi/lib/thumb/v8-m.base/nofp\libg_nano.a(lib_a-nano-vfprintf.o)
                0x000036aa                __sfputs_r
 *fill*         0x000036ce        0x2 ff
 .text._vfprintf_r
                0x000036d0      0x264 d:/renesas/ra/e2studio_v2022-10_fsp_v4.1.0/toolchains/gcc_arm/gcc-arm-none-eabi-10.3-2021.10/bin/../lib/gcc/arm-none-eabi/10.3.1/../../../../arm-none-eabi/lib/thumb/v8-m.base/nofp\libg_nano.a(lib_a-nano-vfprintf.o)
                0x000036d0                _vfprintf_r
                0x000036d0                _vfiprintf_r
 .text._sbrk_r  0x00003934       0x20 d:/renesas/ra/e2studio_v2022-10_fsp_v4.1.0/toolchains/gcc_arm/gcc-arm-none-eabi-10.3-2021.10/bin/../lib/gcc/arm-none-eabi/10.3.1/../../../../arm-none-eabi/lib/thumb/v8-m.base/nofp\libg_nano.a(lib_a-sbrkr.o)
                0x00003934                _sbrk_r
 .text.__sread  0x00003954       0x28 d:/renesas/ra/e2studio_v2022-10_fsp_v4.1.0/toolchains/gcc_arm/gcc-arm-none-eabi-10.3-2021.10/bin/../lib/gcc/arm-none-eabi/10.3.1/../../../../arm-none-eabi/lib/thumb/v8-m.base/nofp\libg_nano.a(lib_a-stdio.o)
                0x00003954                __sread
 .text.__swrite
                0x0000397c       0x38 d:/renesas/ra/e2studio_v2022-10_fsp_v4.1.0/toolchains/gcc_arm/gcc-arm-none-eabi-10.3-2021.10/bin/../lib/gcc/arm-none-eabi/10.3.1/../../../../arm-none-eabi/lib/thumb/v8-m.base/nofp\libg_nano.a(lib_a-stdio.o)
                0x0000397c                __swrite
 .text.__sseek  0x000039b4       0x2c d:/renesas/ra/e2studio_v2022-10_fsp_v4.1.0/toolchains/gcc_arm/gcc-arm-none-eabi-10.3-2021.10/bin/../lib/gcc/arm-none-eabi/10.3.1/../../../../arm-none-eabi/lib/thumb/v8-m.base/nofp\libg_nano.a(lib_a-stdio.o)
                0x000039b4                __sseek
 .text.__sclose
                0x000039e0        0xc d:/renesas/ra/e2studio_v2022-10_fsp_v4.1.0/toolchains/gcc_arm/gcc-arm-none-eabi-10.3-2021.10/bin/../lib/gcc/arm-none-eabi/10.3.1/../../../../arm-none-eabi/lib/thumb/v8-m.base/nofp\libg_nano.a(lib_a-stdio.o)
                0x000039e0                __sclose
 .text.__swbuf_r
                0x000039ec       0xa4 d:/renesas/ra/e2studio_v2022-10_fsp_v4.1.0/toolchains/gcc_arm/gcc-arm-none-eabi-10.3-2021.10/bin/../lib/gcc/arm-none-eabi/10.3.1/../../../../arm-none-eabi/lib/thumb/v8-m.base/nofp\libg_nano.a(lib_a-wbuf.o)
                0x000039ec                __swbuf_r
 .text._write_r
                0x00003a90       0x24 d:/renesas/ra/e2studio_v2022-10_fsp_v4.1.0/toolchains/gcc_arm/gcc-arm-none-eabi-10.3-2021.10/bin/../lib/gcc/arm-none-eabi/10.3.1/../../../../arm-none-eabi/lib/thumb/v8-m.base/nofp\libg_nano.a(lib_a-writer.o)
                0x00003a90                _write_r
 .text.__swsetup_r
                0x00003ab4       0xe8 d:/renesas/ra/e2studio_v2022-10_fsp_v4.1.0/toolchains/gcc_arm/gcc-arm-none-eabi-10.3-2021.10/bin/../lib/gcc/arm-none-eabi/10.3.1/../../../../arm-none-eabi/lib/thumb/v8-m.base/nofp\libg_nano.a(lib_a-wsetup.o)
                0x00003ab4                __swsetup_r
 .text._close_r
                0x00003b9c       0x20 d:/renesas/ra/e2studio_v2022-10_fsp_v4.1.0/toolchains/gcc_arm/gcc-arm-none-eabi-10.3-2021.10/bin/../lib/gcc/arm-none-eabi/10.3.1/../../../../arm-none-eabi/lib/thumb/v8-m.base/nofp\libg_nano.a(lib_a-closer.o)
                0x00003b9c                _close_r
 .text.__sflush_r
                0x00003bbc      0x114 d:/renesas/ra/e2studio_v2022-10_fsp_v4.1.0/toolchains/gcc_arm/gcc-arm-none-eabi-10.3-2021.10/bin/../lib/gcc/arm-none-eabi/10.3.1/../../../../arm-none-eabi/lib/thumb/v8-m.base/nofp\libg_nano.a(lib_a-fflush.o)
                0x00003bbc                __sflush_r
 .text._fflush_r
                0x00003cd0       0x78 d:/renesas/ra/e2studio_v2022-10_fsp_v4.1.0/toolchains/gcc_arm/gcc-arm-none-eabi-10.3-2021.10/bin/../lib/gcc/arm-none-eabi/10.3.1/../../../../arm-none-eabi/lib/thumb/v8-m.base/nofp\libg_nano.a(lib_a-fflush.o)
                0x00003cd0                _fflush_r
 .text._lseek_r
                0x00003d48       0x24 d:/renesas/ra/e2studio_v2022-10_fsp_v4.1.0/toolchains/gcc_arm/gcc-arm-none-eabi-10.3-2021.10/bin/../lib/gcc/arm-none-eabi/10.3.1/../../../../arm-none-eabi/lib/thumb/v8-m.base/nofp\libg_nano.a(lib_a-lseekr.o)
                0x00003d48                _lseek_r
 .text.__swhatbuf_r
                0x00003d6c       0x50 d:/renesas/ra/e2studio_v2022-10_fsp_v4.1.0/toolchains/gcc_arm/gcc-arm-none-eabi-10.3-2021.10/bin/../lib/gcc/arm-none-eabi/10.3.1/../../../../arm-none-eabi/lib/thumb/v8-m.base/nofp\libg_nano.a(lib_a-makebuf.o)
                0x00003d6c                __swhatbuf_r
 .text.__smakebuf_r
                0x00003dbc       0x80 d:/renesas/ra/e2studio_v2022-10_fsp_v4.1.0/toolchains/gcc_arm/gcc-arm-none-eabi-10.3-2021.10/bin/../lib/gcc/arm-none-eabi/10.3.1/../../../../arm-none-eabi/lib/thumb/v8-m.base/nofp\libg_nano.a(lib_a-makebuf.o)
                0x00003dbc                __smakebuf_r
 .text.__ascii_mbtowc
                0x00003e3c       0x20 d:/renesas/ra/e2studio_v2022-10_fsp_v4.1.0/toolchains/gcc_arm/gcc-arm-none-eabi-10.3-2021.10/bin/../lib/gcc/arm-none-eabi/10.3.1/../../../../arm-none-eabi/lib/thumb/v8-m.base/nofp\libg_nano.a(lib_a-mbtowc_r.o)
                0x00003e3c                __ascii_mbtowc
 .text.__malloc_lock
                0x00003e5c       0x10 d:/renesas/ra/e2studio_v2022-10_fsp_v4.1.0/toolchains/gcc_arm/gcc-arm-none-eabi-10.3-2021.10/bin/../lib/gcc/arm-none-eabi/10.3.1/../../../../arm-none-eabi/lib/thumb/v8-m.base/nofp\libg_nano.a(lib_a-mlock.o)
                0x00003e5c                __malloc_lock
 .text.__malloc_unlock
                0x00003e6c       0x10 d:/renesas/ra/e2studio_v2022-10_fsp_v4.1.0/toolchains/gcc_arm/gcc-arm-none-eabi-10.3-2021.10/bin/../lib/gcc/arm-none-eabi/10.3.1/../../../../arm-none-eabi/lib/thumb/v8-m.base/nofp\libg_nano.a(lib_a-mlock.o)
                0x00003e6c                __malloc_unlock
 .text._read_r  0x00003e7c       0x24 d:/renesas/ra/e2studio_v2022-10_fsp_v4.1.0/toolchains/gcc_arm/gcc-arm-none-eabi-10.3-2021.10/bin/../lib/gcc/arm-none-eabi/10.3.1/../../../../arm-none-eabi/lib/thumb/v8-m.base/nofp\libg_nano.a(lib_a-readr.o)
                0x00003e7c                _read_r
 .text.__ascii_wctomb
                0x00003ea0       0x1a d:/renesas/ra/e2studio_v2022-10_fsp_v4.1.0/toolchains/gcc_arm/gcc-arm-none-eabi-10.3-2021.10/bin/../lib/gcc/arm-none-eabi/10.3.1/../../../../arm-none-eabi/lib/thumb/v8-m.base/nofp\libg_nano.a(lib_a-wctomb_r.o)
                0x00003ea0                __ascii_wctomb
 *fill*         0x00003eba        0x2 ff
 .text._fstat_r
                0x00003ebc       0x24 d:/renesas/ra/e2studio_v2022-10_fsp_v4.1.0/toolchains/gcc_arm/gcc-arm-none-eabi-10.3-2021.10/bin/../lib/gcc/arm-none-eabi/10.3.1/../../../../arm-none-eabi/lib/thumb/v8-m.base/nofp\libg_nano.a(lib_a-fstatr.o)
                0x00003ebc                _fstat_r
 .text._isatty_r
                0x00003ee0       0x20 d:/renesas/ra/e2studio_v2022-10_fsp_v4.1.0/toolchains/gcc_arm/gcc-arm-none-eabi-10.3-2021.10/bin/../lib/gcc/arm-none-eabi/10.3.1/../../../../arm-none-eabi/lib/thumb/v8-m.base/nofp\libg_nano.a(lib_a-isattyr.o)
                0x00003ee0                _isatty_r
 .text          0x00003f00       0x14 d:/renesas/ra/e2studio_v2022-10_fsp_v4.1.0/toolchains/gcc_arm/gcc-arm-none-eabi-10.3-2021.10/bin/../lib/gcc/arm-none-eabi/10.3.1/thumb/v8-m.base/nofp\libgcc.a(_thumb1_case_uqi.o)
                0x00003f00                __gnu_thumb1_case_uqi
 .text          0x00003f14       0x14 d:/renesas/ra/e2studio_v2022-10_fsp_v4.1.0/toolchains/gcc_arm/gcc-arm-none-eabi-10.3-2021.10/bin/../lib/gcc/arm-none-eabi/10.3.1/thumb/v8-m.base/nofp\libgcc.a(_thumb1_case_shi.o)
                0x00003f14                __gnu_thumb1_case_shi
 .text          0x00003f28       0x7c d:/renesas/ra/e2studio_v2022-10_fsp_v4.1.0/toolchains/gcc_arm/gcc-arm-none-eabi-10.3-2021.10/bin/../lib/gcc/arm-none-eabi/10.3.1/thumb/v8-m.base/nofp\libgcc.a(_arm_cmpdf2.o)
                0x00003f28                __aeabi_cdrcmple
                0x00003f38                __aeabi_cdcmple
                0x00003f38                __aeabi_cdcmpeq
                0x00003f48                __aeabi_dcmpeq
                0x00003f54                __aeabi_dcmplt
                0x00003f68                __aeabi_dcmple
                0x00003f7c                __aeabi_dcmpgt
                0x00003f90                __aeabi_dcmpge
 .text          0x00003fa4      0x6b4 d:/renesas/ra/e2studio_v2022-10_fsp_v4.1.0/toolchains/gcc_arm/gcc-arm-none-eabi-10.3-2021.10/bin/../lib/gcc/arm-none-eabi/10.3.1/thumb/v8-m.base/nofp\libgcc.a(adddf3.o)
                0x00003fa4                __aeabi_dadd
 .text          0x00004658      0x638 d:/renesas/ra/e2studio_v2022-10_fsp_v4.1.0/toolchains/gcc_arm/gcc-arm-none-eabi-10.3-2021.10/bin/../lib/gcc/arm-none-eabi/10.3.1/thumb/v8-m.base/nofp\libgcc.a(divdf3.o)
                0x00004658                __aeabi_ddiv
 .text          0x00004c90       0x84 d:/renesas/ra/e2studio_v2022-10_fsp_v4.1.0/toolchains/gcc_arm/gcc-arm-none-eabi-10.3-2021.10/bin/../lib/gcc/arm-none-eabi/10.3.1/thumb/v8-m.base/nofp\libgcc.a(eqdf2.o)
                0x00004c90                __nedf2
                0x00004c90                __eqdf2
 .text          0x00004d14       0xc8 d:/renesas/ra/e2studio_v2022-10_fsp_v4.1.0/toolchains/gcc_arm/gcc-arm-none-eabi-10.3-2021.10/bin/../lib/gcc/arm-none-eabi/10.3.1/thumb/v8-m.base/nofp\libgcc.a(gedf2.o)
                0x00004d14                __gedf2
                0x00004d14                __gtdf2
 .text          0x00004ddc       0xc0 d:/renesas/ra/e2studio_v2022-10_fsp_v4.1.0/toolchains/gcc_arm/gcc-arm-none-eabi-10.3-2021.10/bin/../lib/gcc/arm-none-eabi/10.3.1/thumb/v8-m.base/nofp\libgcc.a(ledf2.o)
                0x00004ddc                __ledf2
                0x00004ddc                __ltdf2
 .text          0x00004e9c      0x50c d:/renesas/ra/e2studio_v2022-10_fsp_v4.1.0/toolchains/gcc_arm/gcc-arm-none-eabi-10.3-2021.10/bin/../lib/gcc/arm-none-eabi/10.3.1/thumb/v8-m.base/nofp\libgcc.a(muldf3.o)
                0x00004e9c                __aeabi_dmul
 .text          0x000053a8      0x724 d:/renesas/ra/e2studio_v2022-10_fsp_v4.1.0/toolchains/gcc_arm/gcc-arm-none-eabi-10.3-2021.10/bin/../lib/gcc/arm-none-eabi/10.3.1/thumb/v8-m.base/nofp\libgcc.a(subdf3.o)
                0x000053a8                __aeabi_dsub
 .text          0x00005acc       0x3c d:/renesas/ra/e2studio_v2022-10_fsp_v4.1.0/toolchains/gcc_arm/gcc-arm-none-eabi-10.3-2021.10/bin/../lib/gcc/arm-none-eabi/10.3.1/thumb/v8-m.base/nofp\libgcc.a(unorddf2.o)
                0x00005acc                __aeabi_dcmpun
 .text          0x00005b08       0x64 d:/renesas/ra/e2studio_v2022-10_fsp_v4.1.0/toolchains/gcc_arm/gcc-arm-none-eabi-10.3-2021.10/bin/../lib/gcc/arm-none-eabi/10.3.1/thumb/v8-m.base/nofp\libgcc.a(fixdfsi.o)
                0x00005b08                __aeabi_d2iz
 .text          0x00005b6c       0x60 d:/renesas/ra/e2studio_v2022-10_fsp_v4.1.0/toolchains/gcc_arm/gcc-arm-none-eabi-10.3-2021.10/bin/../lib/gcc/arm-none-eabi/10.3.1/thumb/v8-m.base/nofp\libgcc.a(floatsidf.o)
                0x00005b6c                __aeabi_i2d
 .text          0x00005bcc       0x50 d:/renesas/ra/e2studio_v2022-10_fsp_v4.1.0/toolchains/gcc_arm/gcc-arm-none-eabi-10.3-2021.10/bin/../lib/gcc/arm-none-eabi/10.3.1/thumb/v8-m.base/nofp\libgcc.a(floatunsidf.o)
                0x00005bcc                __aeabi_ui2d
 .text._close   0x00005c1c       0x14 d:/renesas/ra/e2studio_v2022-10_fsp_v4.1.0/toolchains/gcc_arm/gcc-arm-none-eabi-10.3-2021.10/bin/../lib/gcc/arm-none-eabi/10.3.1/../../../../arm-none-eabi/lib/thumb/v8-m.base/nofp\libnosys.a(close.o)
                0x00005c1c                _close
 .text._fstat   0x00005c30       0x14 d:/renesas/ra/e2studio_v2022-10_fsp_v4.1.0/toolchains/gcc_arm/gcc-arm-none-eabi-10.3-2021.10/bin/../lib/gcc/arm-none-eabi/10.3.1/../../../../arm-none-eabi/lib/thumb/v8-m.base/nofp\libnosys.a(fstat.o)
                0x00005c30                _fstat
 .text._isatty  0x00005c44       0x10 d:/renesas/ra/e2studio_v2022-10_fsp_v4.1.0/toolchains/gcc_arm/gcc-arm-none-eabi-10.3-2021.10/bin/../lib/gcc/arm-none-eabi/10.3.1/../../../../arm-none-eabi/lib/thumb/v8-m.base/nofp\libnosys.a(isatty.o)
                0x00005c44                _isatty
 .text._lseek   0x00005c54       0x14 d:/renesas/ra/e2studio_v2022-10_fsp_v4.1.0/toolchains/gcc_arm/gcc-arm-none-eabi-10.3-2021.10/bin/../lib/gcc/arm-none-eabi/10.3.1/../../../../arm-none-eabi/lib/thumb/v8-m.base/nofp\libnosys.a(lseek.o)
                0x00005c54                _lseek
 .text._read    0x00005c68       0x14 d:/renesas/ra/e2studio_v2022-10_fsp_v4.1.0/toolchains/gcc_arm/gcc-arm-none-eabi-10.3-2021.10/bin/../lib/gcc/arm-none-eabi/10.3.1/../../../../arm-none-eabi/lib/thumb/v8-m.base/nofp\libnosys.a(read.o)
                0x00005c68                _read
 *(.version)
 .version       0x00005c7c       0x50 ./ra/fsp/src/bsp/mcu/all/bsp_common.o
 *(.init)
 .init          0x00005ccc        0x4 d:/renesas/ra/e2studio_v2022-10_fsp_v4.1.0/toolchains/gcc_arm/gcc-arm-none-eabi-10.3-2021.10/bin/../lib/gcc/arm-none-eabi/10.3.1/thumb/v8-m.base/nofp/crti.o
                0x00005ccc                _init
 .init          0x00005cd0        0x8 d:/renesas/ra/e2studio_v2022-10_fsp_v4.1.0/toolchains/gcc_arm/gcc-arm-none-eabi-10.3-2021.10/bin/../lib/gcc/arm-none-eabi/10.3.1/thumb/v8-m.base/nofp/crtn.o
 *(.fini)
 .fini          0x00005cd8        0x4 d:/renesas/ra/e2studio_v2022-10_fsp_v4.1.0/toolchains/gcc_arm/gcc-arm-none-eabi-10.3-2021.10/bin/../lib/gcc/arm-none-eabi/10.3.1/thumb/v8-m.base/nofp/crti.o
                0x00005cd8                _fini
 .fini          0x00005cdc        0x8 d:/renesas/ra/e2studio_v2022-10_fsp_v4.1.0/toolchains/gcc_arm/gcc-arm-none-eabi-10.3-2021.10/bin/../lib/gcc/arm-none-eabi/10.3.1/thumb/v8-m.base/nofp/crtn.o
 *crtbegin.o(.ctors)
 *crtbegin?.o(.ctors)
 *(EXCLUDE_FILE(*crtend.o *crtend?.o) .ctors)
 *(SORT_BY_NAME(.ctors.*))
 *(.ctors)
 *crtbegin.o(.dtors)
 *crtbegin?.o(.dtors)
 *(EXCLUDE_FILE(*crtend.o *crtend?.o) .dtors)
 *(SORT_BY_NAME(.dtors.*))
 *(.dtors)
 *(.rodata*)
 .rodata.hal_entry.str1.4
                0x00005ce4       0x7f ./src/hal_entry.o
 *fill*         0x00005d63        0x1 ff
 .rodata.__FUNCTION__.0
                0x00005d64        0xa ./src/hal_entry.o
 *fill*         0x00005d6e        0x2 ff
 .rodata.__func__.1
                0x00005d70        0xa ./src/hal_entry.o
 *fill*         0x00005d7a        0x2 ff
 .rodata.g_ioport
                0x00005d7c        0xc ./ra_gen/common_data.o
                0x00005d7c                g_ioport
 .rodata.g_uart0_cfg
                0x00005d88       0x20 ./ra_gen/hal_data.o
                0x00005d88                g_uart0_cfg
 .rodata.g_uart0_cfg_extend
                0x00005da8       0x14 ./ra_gen/hal_data.o
                0x00005da8                g_uart0_cfg_extend
 .rodata.g_bsp_pin_cfg
                0x00005dbc        0x8 ./ra_gen/pin_data.o
                0x00005dbc                g_bsp_pin_cfg
 .rodata.g_bsp_pin_cfg_data
                0x00005dc4      0x170 ./ra_gen/pin_data.o
                0x00005dc4                g_bsp_pin_cfg_data
 .rodata.g_interrupt_event_link_select
                0x00005f34       0x20 ./ra_gen/vector_data.o
                0x00005f34                g_interrupt_event_link_select
 .rodata.g_ioport_on_ioport
                0x00005f54       0x34 ./ra/fsp/src/r_ioport/r_ioport.o
                0x00005f54                g_ioport_on_ioport
 .rodata.g_prcr_masks
                0x00005f88        0x8 ./ra/fsp/src/bsp/mcu/all/bsp_register_protection.o
 .rodata.g_bsp_leds
                0x00005f90        0x8 ./ra/board/ra2l1_ek/board_leds.o
                0x00005f90                g_bsp_leds
 .rodata.g_bsp_prv_leds
                0x00005f98        0x6 ./ra/board/ra2l1_ek/board_leds.o
 *fill*         0x00005f9e        0x2 ff
 .rodata._global_impure_ptr
                0x00005fa0        0x4 d:/renesas/ra/e2studio_v2022-10_fsp_v4.1.0/toolchains/gcc_arm/gcc-arm-none-eabi-10.3-2021.10/bin/../lib/gcc/arm-none-eabi/10.3.1/../../../../arm-none-eabi/lib/thumb/v8-m.base/nofp\libg_nano.a(lib_a-impure.o)
                0x00005fa0                _global_impure_ptr
 .rodata._printf_float.str1.1
                0x00005fa4       0x12 d:/renesas/ra/e2studio_v2022-10_fsp_v4.1.0/toolchains/gcc_arm/gcc-arm-none-eabi-10.3-2021.10/bin/../lib/gcc/arm-none-eabi/10.3.1/../../../../arm-none-eabi/lib/thumb/v8-m.base/nofp\libg_nano.a(lib_a-nano-vfprintf_float.o)
 .rodata._printf_i.str1.1
                0x00005fb6       0x22 d:/renesas/ra/e2studio_v2022-10_fsp_v4.1.0/toolchains/gcc_arm/gcc-arm-none-eabi-10.3-2021.10/bin/../lib/gcc/arm-none-eabi/10.3.1/../../../../arm-none-eabi/lib/thumb/v8-m.base/nofp\libg_nano.a(lib_a-nano-vfprintf_i.o)
 .rodata._dtoa_r.str1.1
                0x00005fd8       0xb3 d:/renesas/ra/e2studio_v2022-10_fsp_v4.1.0/toolchains/gcc_arm/gcc-arm-none-eabi-10.3-2021.10/bin/../lib/gcc/arm-none-eabi/10.3.1/../../../../arm-none-eabi/lib/thumb/v8-m.base/nofp\libg_nano.a(lib_a-dtoa.o)
                                 0xb5 (size before relaxing)
 *fill*         0x0000608b        0x1 ff
 .rodata.__sf_fake_stderr
                0x0000608c       0x20 d:/renesas/ra/e2studio_v2022-10_fsp_v4.1.0/toolchains/gcc_arm/gcc-arm-none-eabi-10.3-2021.10/bin/../lib/gcc/arm-none-eabi/10.3.1/../../../../arm-none-eabi/lib/thumb/v8-m.base/nofp\libg_nano.a(lib_a-findfp.o)
                0x0000608c                __sf_fake_stderr
 .rodata.__sf_fake_stdin
                0x000060ac       0x20 d:/renesas/ra/e2studio_v2022-10_fsp_v4.1.0/toolchains/gcc_arm/gcc-arm-none-eabi-10.3-2021.10/bin/../lib/gcc/arm-none-eabi/10.3.1/../../../../arm-none-eabi/lib/thumb/v8-m.base/nofp\libg_nano.a(lib_a-findfp.o)
                0x000060ac                __sf_fake_stdin
 .rodata.__sf_fake_stdout
                0x000060cc       0x20 d:/renesas/ra/e2studio_v2022-10_fsp_v4.1.0/toolchains/gcc_arm/gcc-arm-none-eabi-10.3-2021.10/bin/../lib/gcc/arm-none-eabi/10.3.1/../../../../arm-none-eabi/lib/thumb/v8-m.base/nofp\libg_nano.a(lib_a-findfp.o)
                0x000060cc                __sf_fake_stdout
 .rodata._Balloc.str1.1
                0x000060ec       0x7f d:/renesas/ra/e2studio_v2022-10_fsp_v4.1.0/toolchains/gcc_arm/gcc-arm-none-eabi-10.3-2021.10/bin/../lib/gcc/arm-none-eabi/10.3.1/../../../../arm-none-eabi/lib/thumb/v8-m.base/nofp\libg_nano.a(lib_a-mprec.o)
                                 0x96 (size before relaxing)
 .rodata.__multadd.str1.1
                0x0000616b       0x11 d:/renesas/ra/e2studio_v2022-10_fsp_v4.1.0/toolchains/gcc_arm/gcc-arm-none-eabi-10.3-2021.10/bin/../lib/gcc/arm-none-eabi/10.3.1/../../../../arm-none-eabi/lib/thumb/v8-m.base/nofp\libg_nano.a(lib_a-mprec.o)
 *fill*         0x0000616b        0x5 ff
 .rodata.__mprec_bigtens
                0x00006170       0x28 d:/renesas/ra/e2studio_v2022-10_fsp_v4.1.0/toolchains/gcc_arm/gcc-arm-none-eabi-10.3-2021.10/bin/../lib/gcc/arm-none-eabi/10.3.1/../../../../arm-none-eabi/lib/thumb/v8-m.base/nofp\libg_nano.a(lib_a-mprec.o)
                0x00006170                __mprec_bigtens
 .rodata.__mprec_tens
                0x00006198       0xc8 d:/renesas/ra/e2studio_v2022-10_fsp_v4.1.0/toolchains/gcc_arm/gcc-arm-none-eabi-10.3-2021.10/bin/../lib/gcc/arm-none-eabi/10.3.1/../../../../arm-none-eabi/lib/thumb/v8-m.base/nofp\libg_nano.a(lib_a-mprec.o)
                0x00006198                __mprec_tens
 .rodata.p05.0  0x00006260        0xc d:/renesas/ra/e2studio_v2022-10_fsp_v4.1.0/toolchains/gcc_arm/gcc-arm-none-eabi-10.3-2021.10/bin/../lib/gcc/arm-none-eabi/10.3.1/../../../../arm-none-eabi/lib/thumb/v8-m.base/nofp\libg_nano.a(lib_a-mprec.o)
 .rodata._vfprintf_r.str1.1
                0x0000626c       0x11 d:/renesas/ra/e2studio_v2022-10_fsp_v4.1.0/toolchains/gcc_arm/gcc-arm-none-eabi-10.3-2021.10/bin/../lib/gcc/arm-none-eabi/10.3.1/../../../../arm-none-eabi/lib/thumb/v8-m.base/nofp\libg_nano.a(lib_a-nano-vfprintf.o)
 .rodata._setlocale_r.str1.1
                0x0000627d        0x8 d:/renesas/ra/e2studio_v2022-10_fsp_v4.1.0/toolchains/gcc_arm/gcc-arm-none-eabi-10.3-2021.10/bin/../lib/gcc/arm-none-eabi/10.3.1/../../../../arm-none-eabi/lib/thumb/v8-m.base/nofp\libg_nano.a(lib_a-locale.o)
                                  0x9 (size before relaxing)
 .rodata.str1.1
                0x00006285        0x2 d:/renesas/ra/e2studio_v2022-10_fsp_v4.1.0/toolchains/gcc_arm/gcc-arm-none-eabi-10.3-2021.10/bin/../lib/gcc/arm-none-eabi/10.3.1/../../../../arm-none-eabi/lib/thumb/v8-m.base/nofp\libg_nano.a(lib_a-locale.o)
 .rodata._ctype_
                0x00006287      0x101 d:/renesas/ra/e2studio_v2022-10_fsp_v4.1.0/toolchains/gcc_arm/gcc-arm-none-eabi-10.3-2021.10/bin/../lib/gcc/arm-none-eabi/10.3.1/../../../../arm-none-eabi/lib/thumb/v8-m.base/nofp\libg_nano.a(lib_a-ctype_.o)
                0x00006287                _ctype_
 .rodata        0x00006388       0x40 d:/renesas/ra/e2studio_v2022-10_fsp_v4.1.0/toolchains/gcc_arm/gcc-arm-none-eabi-10.3-2021.10/bin/../lib/gcc/arm-none-eabi/10.3.1/thumb/v8-m.base/nofp\libgcc.a(divdf3.o)
 .rodata        0x000063c8       0x40 d:/renesas/ra/e2studio_v2022-10_fsp_v4.1.0/toolchains/gcc_arm/gcc-arm-none-eabi-10.3-2021.10/bin/../lib/gcc/arm-none-eabi/10.3.1/thumb/v8-m.base/nofp\libgcc.a(muldf3.o)
                0x00006408                __usb_dev_descriptor_start_fs = .
 *(.usb_device_desc_fs*)
                0x00006408                __usb_cfg_descriptor_start_fs = .
 *(.usb_config_desc_fs*)
                0x00006408                __usb_interface_descriptor_start_fs = .
 *(.usb_interface_desc_fs*)
                0x00006408                __usb_descriptor_end_fs = .
                0x00006408                __usb_dev_descriptor_start_hs = .
 *(.usb_device_desc_hs*)
                0x00006408                __usb_cfg_descriptor_start_hs = .
 *(.usb_config_desc_hs*)
                0x00006408                __usb_interface_descriptor_start_hs = .
 *(.usb_interface_desc_hs*)
                0x00006408                __usb_descriptor_end_hs = .
 *(.eh_frame*)
 .eh_frame      0x00006408        0x0 d:/renesas/ra/e2studio_v2022-10_fsp_v4.1.0/toolchains/gcc_arm/gcc-arm-none-eabi-10.3-2021.10/bin/../lib/gcc/arm-none-eabi/10.3.1/thumb/v8-m.base/nofp/crtbegin.o
 .eh_frame      0x00006408        0x4 d:/renesas/ra/e2studio_v2022-10_fsp_v4.1.0/toolchains/gcc_arm/gcc-arm-none-eabi-10.3-2021.10/bin/../lib/gcc/arm-none-eabi/10.3.1/thumb/v8-m.base/nofp/crtend.o
                0x0000640c                __ROM_End = .
                0x000000c0                __Vectors_Size = (__Vectors_End - __Vectors)

.glue_7         0x0000640c        0x0
 .glue_7        0x0000640c        0x0 linker stubs

.glue_7t        0x0000640c        0x0
 .glue_7t       0x0000640c        0x0 linker stubs

.vfp11_veneer   0x0000640c        0x0
 .vfp11_veneer  0x0000640c        0x0 linker stubs

.v4_bx          0x0000640c        0x0
 .v4_bx         0x0000640c        0x0 linker stubs

.iplt           0x0000640c        0x0
 .iplt          0x0000640c        0x0 d:/renesas/ra/e2studio_v2022-10_fsp_v4.1.0/toolchains/gcc_arm/gcc-arm-none-eabi-10.3-2021.10/bin/../lib/gcc/arm-none-eabi/10.3.1/thumb/v8-m.base/nofp/crtbegin.o

.ARM.extab
 *(.ARM.extab* .gnu.linkonce.armextab.*)
                0x0000640c                __exidx_start = .

.ARM.exidx
 *(.ARM.exidx* .gnu.linkonce.armexidx.*)
                0x0000640c                __exidx_end = .
                0x0000640c                __etext = .
                0x20000000                __tz_RAM_S = ORIGIN (RAM)

.fsp_dtc_vector_table
                0x20000000        0x0
                0x20000000                . = ORIGIN (RAM)
 *(.fsp_dtc_vector_table)

.data           0x20000000      0x1dc load address 0x0000640c
                0x20000000                __data_start__ = .
                0x20000000                . = ALIGN (0x4)
                0x20000000                __Code_In_RAM_Start = .
 *(.code_in_ram*)
                0x20000000                __Code_In_RAM_End = .
 *(vtable)
 *(.data.*)
 .data.g_uart0_baud_setting
                0x20000000        0x4 ./ra_gen/hal_data.o
                0x20000000                g_uart0_baud_setting
 .data._impure_ptr
                0x20000004        0x4 d:/renesas/ra/e2studio_v2022-10_fsp_v4.1.0/toolchains/gcc_arm/gcc-arm-none-eabi-10.3-2021.10/bin/../lib/gcc/arm-none-eabi/10.3.1/../../../../arm-none-eabi/lib/thumb/v8-m.base/nofp\libg_nano.a(lib_a-impure.o)
                0x20000004                _impure_ptr
 .data.impure_data
                0x20000008       0x60 d:/renesas/ra/e2studio_v2022-10_fsp_v4.1.0/toolchains/gcc_arm/gcc-arm-none-eabi-10.3-2021.10/bin/../lib/gcc/arm-none-eabi/10.3.1/../../../../arm-none-eabi/lib/thumb/v8-m.base/nofp\libg_nano.a(lib_a-impure.o)
 .data.__global_locale
                0x20000068      0x16c d:/renesas/ra/e2studio_v2022-10_fsp_v4.1.0/toolchains/gcc_arm/gcc-arm-none-eabi-10.3-2021.10/bin/../lib/gcc/arm-none-eabi/10.3.1/../../../../arm-none-eabi/lib/thumb/v8-m.base/nofp\libg_nano.a(lib_a-locale.o)
                0x20000068                __global_locale
 *(.data)
                0x200001d4                . = ALIGN (0x4)
                0x200001d4                PROVIDE (__preinit_array_start = .)
 *(.preinit_array)
                0x200001d4                PROVIDE (__preinit_array_end = .)
                0x200001d4                . = ALIGN (0x4)
                0x200001d4                PROVIDE (__init_array_start = .)
 *(SORT_BY_NAME(.init_array.*))
 *(.init_array)
 .init_array    0x200001d4        0x4 d:/renesas/ra/e2studio_v2022-10_fsp_v4.1.0/toolchains/gcc_arm/gcc-arm-none-eabi-10.3-2021.10/bin/../lib/gcc/arm-none-eabi/10.3.1/thumb/v8-m.base/nofp/crtbegin.o
                0x200001d8                PROVIDE (__init_array_end = .)
                0x200001d8                . = ALIGN (0x4)
                [!provide]                PROVIDE (__fini_array_start = .)
 *(SORT_BY_NAME(.fini_array.*))
 *(.fini_array)
 .fini_array    0x200001d8        0x4 d:/renesas/ra/e2studio_v2022-10_fsp_v4.1.0/toolchains/gcc_arm/gcc-arm-none-eabi-10.3-2021.10/bin/../lib/gcc/arm-none-eabi/10.3.1/thumb/v8-m.base/nofp/crtbegin.o
                [!provide]                PROVIDE (__fini_array_end = .)
 *(.jcr*)
                0x200001dc                . = ALIGN (0x4)
                0x200001dc                __data_end__ = .
                0x000065e8                __dtcm_data_init_start = ((__etext + __data_end__) - __data_start__)

.igot.plt       0x200001dc        0x0 load address 0x000065e8
 .igot.plt      0x200001dc        0x0 d:/renesas/ra/e2studio_v2022-10_fsp_v4.1.0/toolchains/gcc_arm/gcc-arm-none-eabi-10.3-2021.10/bin/../lib/gcc/arm-none-eabi/10.3.1/thumb/v8-m.base/nofp/crtbegin.o

.dtcm_data      0x00000000        0x0 load address 0x000065e8
                0x00000000                __tz_DTCM_S = ABSOLUTE (DTCM_START)
                0x00000000                __dtcm_data_start__ = .
 *(.dtcm_data*)
                0x00000000                __dtcm_data_end__ = .

.dtcm_noinit    0x00000000        0x0 load address 0x000065e8
                0x00000000                __dtcm_noinit_start = .
 *(.dtcm_noinit*)
                0x00000000                __dtcm_noinit_end = .
                0x00000000                __tz_DTCM_N = DEFINED (DTCM_NS_START)?ABSOLUTE (DTCM_NS_START):ALIGN (__dtcm_noinit_end, 0x2000)
                0x000065e8                DATA_END = (LOADADDR (.data) + SIZEOF (.data))
                0x00006800                SGSTUBS_LOC = (DEFINED (PROJECT_SECURE) && DEFINED (FLASH_NSC_START))?ABSOLUTE (FLASH_NSC_START):ALIGN (DATA_END, 0x400)

.gnu.sgstubs    0x00006800        0x0
                0x00006800                __tz_FLASH_C = DEFINED (FLASH_NSC_START)?ABSOLUTE (FLASH_NSC_START):__RESERVE_NS_RAM?ABSOLUTE ((FLASH_START + FLASH_LENGTH)):ALIGN (0x400)
                0x00006800                _start_sg = .
 *(.gnu.sgstubs*)
                0x00006800                . = ALIGN (0x20)
                0x00006800                _end_sg = .
                0x00008000                __tz_FLASH_N = DEFINED (FLASH_NS_START)?ABSOLUTE (FLASH_NS_START):__RESERVE_NS_RAM?ABSOLUTE ((FLASH_START + FLASH_LENGTH)):(FLASH_LENGTH < 0x8000)?FLASH_LENGTH:ALIGN (0x8000)
                0x00008000                FLASH_NS_IMAGE_START = DEFINED (FLASH_NS_IMAGE_START)?FLASH_NS_IMAGE_START:__tz_FLASH_N
                0x60000000                __tz_QSPI_FLASH_S = ORIGIN (QSPI_FLASH)

.qspi_flash     0x60000000        0x0
                0x60000000                __qspi_flash_start__ = .
 *(.qspi_flash*)
 *(.code_in_qspi*)
                0x60000000                __qspi_flash_end__ = .
                0x00000000                __qspi_flash_code_size__ = (__qspi_flash_end__ - __qspi_flash_start__)
                0x000065e8                __qspi_flash_code_addr__ = (__etext + (__data_end__ - __data_start__))

.qspi_non_retentive
                0x60000000        0x0 load address 0x000065e8
                0x60000000                __qspi_non_retentive_start__ = .
 *(.qspi_non_retentive*)
                0x60000000                __qspi_non_retentive_end__ = .
                0x00000000                __qspi_non_retentive_size__ = (__qspi_non_retentive_end__ - __qspi_non_retentive_start__)
                0x04000000                __qspi_region_max_size__ = 0x4000000
                0x60000000                __qspi_region_start_address__ = __qspi_flash_start__
                0x64000000                __qspi_region_end_address__ = (__qspi_flash_start__ + __qspi_region_max_size__)
                0x60000000                __tz_QSPI_FLASH_N = __qspi_non_retentive_end__

.OSPI_DEVICE_0_NO_LOAD
                0x00000000        0x0
                0x00000000                . = ALIGN (0x4)
                0x00000000                __ospi_device_0_start__ = .
 *(.ospi_device_0_no_load*)
                0x00000000                . = ALIGN (0x4)
                0x00000000                __ospi_device_0_end__ = .

.OSPI_DEVICE_1_NO_LOAD
                0x00000000        0x0
                0x00000000                . = ALIGN (0x4)
                0x00000000                __ospi_device_1_start__ = .
 *(.ospi_device_1_no_load*)
                0x00000000                . = ALIGN (0x4)
                0x00000000                __ospi_device_1_end__ = .
                0x00000000                __tz_OSPI_DEVICE_0_S = ORIGIN (OSPI_DEVICE_0)

.OSPI_DEVICE_0  0x00000000        0x0
                0x00000000                __ospi_device_0_start__ = .
 *(.ospi_device_0*)
 *(.code_in_ospi_device_0*)
                0x00000000                __ospi_device_0_end__ = .
                0x00000000                __ospi_device_0_code_size__ = (__ospi_device_0_end__ - __ospi_device_0_start__)
                0x000065e8                __ospi_device_0_code_addr__ = (__etext + (__data_end__ - __data_start__))

.ospi_device_0_non_retentive
                0x00000000        0x0 load address 0x000065e8
                0x00000000                __ospi_device_0_non_retentive_start__ = .
 *(.ospi_device_0_non_retentive*)
                0x00000000                __ospi_device_0_non_retentive_end__ = .
                0x00000000                __ospi_device_0_non_retentive_size__ = (__ospi_device_0_non_retentive_end__ - __ospi_device_0_non_retentive_start__)
                0x08000000                __ospi_device_0_region_max_size__ = 0x8000000
                0x00000000                __ospi_device_0_region_start_address__ = __ospi_device_0_start__
                0x08000000                __ospi_device_0_region_end_address__ = (__ospi_device_0_start__ + __ospi_device_0_region_max_size__)
                0x00000000                __tz_OSPI_DEVICE_0_N = __ospi_device_0_non_retentive_end__
                0x00000000                __tz_OSPI_DEVICE_1_S = ORIGIN (OSPI_DEVICE_1)

.OSPI_DEVICE_1  0x00000000        0x0
                0x00000000                __ospi_device_1_start__ = .
 *(.ospi_device_1*)
 *(.code_in_ospi_device_1*)
                0x00000000                __ospi_device_1_end__ = .
                0x00000000                __ospi_device_1_code_size__ = (__ospi_device_1_end__ - __ospi_device_1_start__)
                0x000065e8                __ospi_device_1_code_addr__ = (__etext + (__data_end__ - __data_start__))

.ospi_device_1_non_retentive
                0x00000000        0x0 load address 0x000065e8
                0x00000000                __ospi_device_1_non_retentive_start__ = .
 *(.ospi_device_1_non_retentive*)
                0x00000000                __ospi_device_1_non_retentive_end__ = .
                0x00000000                __ospi_device_1_non_retentive_size__ = (__ospi_device_1_non_retentive_end__ - __ospi_device_1_non_retentive_start__)
                0x10000000                __ospi_device_1_region_max_size__ = 0x10000000
                0x00000000                __ospi_device_1_region_start_address__ = __ospi_device_1_start__
                0x10000000                __ospi_device_1_region_end_address__ = (__ospi_device_1_start__ + __ospi_device_1_region_max_size__)
                0x00000000                __tz_OSPI_DEVICE_1_N = __ospi_device_1_non_retentive_end__

.noinit         0x200001dc       0x14
                0x200001dc                . = ALIGN (0x4)
                0x200001dc                __noinit_start = .
 *(.noinit*)
 .noinit        0x200001dc       0x14 ./ra/fsp/src/bsp/mcu/all/bsp_clocks.o
                0x200001f0                . = ALIGN (0x8)
 *(.heap.*)
                0x200001f0                __noinit_end = .

.bss            0x200001f0      0x13c
                0x200001f0                . = ALIGN (0x4)
                0x200001f0                __bss_start__ = .
 *(.bss*)
 .bss           0x200001f0       0x1c d:/renesas/ra/e2studio_v2022-10_fsp_v4.1.0/toolchains/gcc_arm/gcc-arm-none-eabi-10.3-2021.10/bin/../lib/gcc/arm-none-eabi/10.3.1/thumb/v8-m.base/nofp/crtbegin.o
 .bss.uart_send_complete_flag
                0x2000020c        0x1 ./src/hal_entry.o
                0x2000020c                uart_send_complete_flag
 *fill*         0x2000020d        0x3 
 .bss.g_ioport_ctrl
                0x20000210        0x8 ./ra_gen/common_data.o
                0x20000210                g_ioport_ctrl
 .bss.g_uart0_ctrl
                0x20000218       0x30 ./ra_gen/hal_data.o
                0x20000218                g_uart0_ctrl
 .bss.g_bsp_group_irq_sources
                0x20000248       0x40 ./ra/fsp/src/bsp/mcu/all/bsp_group_irq.o
                0x20000248                g_bsp_group_irq_sources
 .bss.g_protect_pfswe_counter
                0x20000288        0x4 ./ra/fsp/src/bsp/mcu/all/bsp_io.o
                0x20000288                g_protect_pfswe_counter
 .bss.gp_renesas_isr_context
                0x2000028c       0x80 ./ra/fsp/src/bsp/mcu/all/bsp_irq.o
                0x2000028c                gp_renesas_isr_context
 .bss.g_protect_counters
                0x2000030c        0x8 ./ra/fsp/src/bsp/mcu/all/bsp_register_protection.o
                0x2000030c                g_protect_counters
 .bss.current_heap_end.0
                0x20000314        0x4 ./ra/fsp/src/bsp/mcu/all/bsp_sbrk.o
 .bss.SystemCoreClock
                0x20000318        0x4 ./ra/fsp/src/bsp/cmsis/Device/RENESAS/Source/system.o
                0x20000318                SystemCoreClock
 .bss.__lock___malloc_recursive_mutex
                0x2000031c        0x1 d:/renesas/ra/e2studio_v2022-10_fsp_v4.1.0/toolchains/gcc_arm/gcc-arm-none-eabi-10.3-2021.10/bin/../lib/gcc/arm-none-eabi/10.3.1/../../../../arm-none-eabi/lib/thumb/v8-m.base/nofp\libg_nano.a(lib_a-lock.o)
                0x2000031c                __lock___malloc_recursive_mutex
 .bss.__lock___sfp_recursive_mutex
                0x2000031d        0x1 d:/renesas/ra/e2studio_v2022-10_fsp_v4.1.0/toolchains/gcc_arm/gcc-arm-none-eabi-10.3-2021.10/bin/../lib/gcc/arm-none-eabi/10.3.1/../../../../arm-none-eabi/lib/thumb/v8-m.base/nofp\libg_nano.a(lib_a-lock.o)
                0x2000031d                __lock___sfp_recursive_mutex
 .bss.__lock___sinit_recursive_mutex
                0x2000031e        0x1 d:/renesas/ra/e2studio_v2022-10_fsp_v4.1.0/toolchains/gcc_arm/gcc-arm-none-eabi-10.3-2021.10/bin/../lib/gcc/arm-none-eabi/10.3.1/../../../../arm-none-eabi/lib/thumb/v8-m.base/nofp\libg_nano.a(lib_a-lock.o)
                0x2000031e                __lock___sinit_recursive_mutex
 *fill*         0x2000031f        0x1 
 .bss.__malloc_free_list
                0x20000320        0x4 d:/renesas/ra/e2studio_v2022-10_fsp_v4.1.0/toolchains/gcc_arm/gcc-arm-none-eabi-10.3-2021.10/bin/../lib/gcc/arm-none-eabi/10.3.1/../../../../arm-none-eabi/lib/thumb/v8-m.base/nofp\libg_nano.a(lib_a-nano-mallocr.o)
                0x20000320                __malloc_free_list
 .bss.__malloc_sbrk_start
                0x20000324        0x4 d:/renesas/ra/e2studio_v2022-10_fsp_v4.1.0/toolchains/gcc_arm/gcc-arm-none-eabi-10.3-2021.10/bin/../lib/gcc/arm-none-eabi/10.3.1/../../../../arm-none-eabi/lib/thumb/v8-m.base/nofp\libg_nano.a(lib_a-nano-mallocr.o)
                0x20000324                __malloc_sbrk_start
 .bss.errno     0x20000328        0x4 d:/renesas/ra/e2studio_v2022-10_fsp_v4.1.0/toolchains/gcc_arm/gcc-arm-none-eabi-10.3-2021.10/bin/../lib/gcc/arm-none-eabi/10.3.1/../../../../arm-none-eabi/lib/thumb/v8-m.base/nofp\libg_nano.a(lib_a-reent.o)
                0x20000328                errno
 *(COMMON)
                0x2000032c                . = ALIGN (0x4)
                0x2000032c                __bss_end__ = .

.heap           0x20000330      0x400
                0x20000330                . = ALIGN (0x8)
                0x20000330                __HeapBase = .
 *(.heap)
 .heap          0x20000330      0x400 ./ra/fsp/src/bsp/cmsis/Device/RENESAS/Source/startup.o
                0x20000730                __HeapLimit = .

.stack_dummy    0x20000730      0x400
                0x20000730                . = ALIGN (0x8)
                0x20000730                __StackLimit = .
 *(.stack)
 .stack         0x20000730      0x400 ./ra/fsp/src/bsp/cmsis/Device/RENESAS/Source/startup.o
                0x20000b30                __StackTop = .
 *(.stack*)
                0x20000b30                __StackTopAll = .
                0x20000b30                PROVIDE (__stack = __StackTopAll)
                0x20000b30                __RAM_segment_used_end__ = ALIGN (__StackTopAll, 0x4)
                0x20000c00                __tz_RAM_C = DEFINED (RAM_NSC_START)?ABSOLUTE (RAM_NSC_START):__RESERVE_NS_RAM?ABSOLUTE (RAM_NS_BUFFER_BLOCK_START):ALIGN (__RAM_segment_used_end__, 0x400)
                0x20002000                __tz_RAM_N = DEFINED (RAM_NS_START)?ABSOLUTE (RAM_NS_START):__RESERVE_NS_RAM?ABSOLUTE (RAM_NS_BUFFER_BLOCK_START):ALIGN (__tz_RAM_C, 0x2000)

.ns_buffer      0x20000b30        0x0
                0x20000b30                . = __RESERVE_NS_RAM?ABSOLUTE ((RAM_NS_BUFFER_START & 0xffffffe0)):.
 *(.ns_buffer*)

.data_flash     0x40100000        0x0
                0x40100000                . = ORIGIN (DATA_FLASH)
                0x40100000                __tz_DATA_FLASH_S = .
                0x40100000                __Data_Flash_Start = .
 *(.data_flash*)
                0x40100000                __Data_Flash_End = .
                0x40100000                __tz_DATA_FLASH_N = DEFINED (DATA_FLASH_NS_START)?ABSOLUTE (DATA_FLASH_NS_START):__RESERVE_NS_RAM?ABSOLUTE ((DATA_FLASH_START + DATA_FLASH_LENGTH)):ALIGN (0x400)
                0x00000000                __tz_SDRAM_S = ORIGIN (SDRAM)

.sdram          0x00000000        0x0
                0x00000000                __SDRAM_Start = .
 *(.sdram*)
 *(.frame*)
                0x00000000                __SDRAM_End = .
                0x00000000                __tz_SDRAM_N = __SDRAM_End
                0x01010018                __tz_ID_CODE_S = ORIGIN (ID_CODE)

.id_code        0x01010018       0x1c
                0x01010018                __ID_Code_Start = .
 *(.id_code*)
 .id_code       0x01010018       0x1c ./ra/fsp/src/bsp/mcu/all/bsp_rom_registers.o
                0x01010034                __ID_Code_End = .
                0x01010034                __tz_ID_CODE_N = __ID_Code_End
                0x00000000                __tz_OPTION_SETTING_S = ORIGIN (OPTION_SETTING)

.rel.dyn        0x01010034        0x0
 .rel.iplt      0x01010034        0x0 d:/renesas/ra/e2studio_v2022-10_fsp_v4.1.0/toolchains/gcc_arm/gcc-arm-none-eabi-10.3-2021.10/bin/../lib/gcc/arm-none-eabi/10.3.1/thumb/v8-m.base/nofp/crtbegin.o

.option_setting
                0x00000000        0x0
                0x00000000                __OPTION_SETTING_Start = .
 *(.option_setting_ofs0)
                0x00000000                . = PROJECT_SECURE_OR_FLAT?(__OPTION_SETTING_Start + 0x4):__OPTION_SETTING_Start
 *(.option_setting_ofs2)
                0x00000000                . = PROJECT_SECURE_OR_FLAT?(__OPTION_SETTING_Start + 0x10):__OPTION_SETTING_Start
 *(.option_setting_dualsel)
                0x00000000                . = PROJECT_SECURE_OR_FLAT?(__OPTION_SETTING_Start + 0x34):__OPTION_SETTING_Start
 *(.option_setting_sas)
                0x00000000                __OPTION_SETTING_End = .
                0x00000080                __tz_OPTION_SETTING_N = ABSOLUTE (OPTION_SETTING_START_NS)

.option_setting_ns
                0x00000000        0x0
                0x00000000                __OPTION_SETTING_NS_Start = .
 *(.option_setting_ofs1)
                0x00000000                . = USE_OPTION_SETTING_NS?(__OPTION_SETTING_NS_Start + 0x4):__OPTION_SETTING_NS_Start
 *(.option_setting_ofs3)
                0x00000000                . = USE_OPTION_SETTING_NS?(__OPTION_SETTING_NS_Start + 0x10):__OPTION_SETTING_NS_Start
 *(.option_setting_banksel)
                0x00000000                . = USE_OPTION_SETTING_NS?(__OPTION_SETTING_NS_Start + 0x40):__OPTION_SETTING_NS_Start
 *(.option_setting_bps0)
                0x00000000                . = USE_OPTION_SETTING_NS?(__OPTION_SETTING_NS_Start + 0x44):__OPTION_SETTING_NS_Start
 *(.option_setting_bps1)
                0x00000000                . = USE_OPTION_SETTING_NS?(__OPTION_SETTING_NS_Start + 0x48):__OPTION_SETTING_NS_Start
 *(.option_setting_bps2)
                0x00000000                . = USE_OPTION_SETTING_NS?(__OPTION_SETTING_NS_Start + 0x4c):__OPTION_SETTING_NS_Start
 *(.option_setting_bps3)
                0x00000000                . = USE_OPTION_SETTING_NS?(__OPTION_SETTING_NS_Start + 0x60):__OPTION_SETTING_NS_Start
 *(.option_setting_pbps0)
                0x00000000                . = USE_OPTION_SETTING_NS?(__OPTION_SETTING_NS_Start + 0x64):__OPTION_SETTING_NS_Start
 *(.option_setting_pbps1)
                0x00000000                . = USE_OPTION_SETTING_NS?(__OPTION_SETTING_NS_Start + 0x68):__OPTION_SETTING_NS_Start
 *(.option_setting_pbps2)
                0x00000000                . = USE_OPTION_SETTING_NS?(__OPTION_SETTING_NS_Start + 0x6c):__OPTION_SETTING_NS_Start
 *(.option_setting_pbps3)
                0x00000000                __OPTION_SETTING_NS_End = .
                0x00000000                __tz_OPTION_SETTING_S_S = ORIGIN (OPTION_SETTING_S)

.option_setting_s
                0x00000000        0x0
                0x00000000                __OPTION_SETTING_S_Start = .
 *(.option_setting_ofs1_sec)
                0x00000000                . = PROJECT_SECURE_OR_FLAT?(__OPTION_SETTING_S_Start + 0x4):__OPTION_SETTING_S_Start
 *(.option_setting_ofs3_sec)
                0x00000000                . = PROJECT_SECURE_OR_FLAT?(__OPTION_SETTING_S_Start + 0x10):__OPTION_SETTING_S_Start
 *(.option_setting_banksel_sec)
                0x00000000                . = PROJECT_SECURE_OR_FLAT?(__OPTION_SETTING_S_Start + 0x40):__OPTION_SETTING_S_Start
 *(.option_setting_bps_sec0)
                0x00000000                . = PROJECT_SECURE_OR_FLAT?(__OPTION_SETTING_S_Start + 0x44):__OPTION_SETTING_S_Start
 *(.option_setting_bps_sec1)
                0x00000000                . = PROJECT_SECURE_OR_FLAT?(__OPTION_SETTING_S_Start + 0x48):__OPTION_SETTING_S_Start
 *(.option_setting_bps_sec2)
                0x00000000                . = PROJECT_SECURE_OR_FLAT?(__OPTION_SETTING_S_Start + 0x4c):__OPTION_SETTING_S_Start
 *(.option_setting_bps_sec3)
                0x00000000                . = PROJECT_SECURE_OR_FLAT?(__OPTION_SETTING_S_Start + 0x60):__OPTION_SETTING_S_Start
 *(.option_setting_pbps_sec0)
                0x00000000                . = PROJECT_SECURE_OR_FLAT?(__OPTION_SETTING_S_Start + 0x64):__OPTION_SETTING_S_Start
 *(.option_setting_pbps_sec1)
                0x00000000                . = PROJECT_SECURE_OR_FLAT?(__OPTION_SETTING_S_Start + 0x68):__OPTION_SETTING_S_Start
 *(.option_setting_pbps_sec2)
                0x00000000                . = PROJECT_SECURE_OR_FLAT?(__OPTION_SETTING_S_Start + 0x6c):__OPTION_SETTING_S_Start
 *(.option_setting_pbps_sec3)
                0x00000000                . = PROJECT_SECURE_OR_FLAT?(__OPTION_SETTING_S_Start + 0x80):__OPTION_SETTING_S_Start
 *(.option_setting_ofs1_sel)
                0x00000000                . = PROJECT_SECURE_OR_FLAT?(__OPTION_SETTING_S_Start + 0x84):__OPTION_SETTING_S_Start
 *(.option_setting_ofs3_sel)
                0x00000000                . = PROJECT_SECURE_OR_FLAT?(__OPTION_SETTING_S_Start + 0x90):__OPTION_SETTING_S_Start
 *(.option_setting_banksel_sel)
                0x00000000                . = PROJECT_SECURE_OR_FLAT?(__OPTION_SETTING_S_Start + 0xc0):__OPTION_SETTING_S_Start
 *(.option_setting_bps_sel0)
                0x00000000                . = PROJECT_SECURE_OR_FLAT?(__OPTION_SETTING_S_Start + 0xc4):__OPTION_SETTING_S_Start
 *(.option_setting_bps_sel1)
                0x00000000                . = PROJECT_SECURE_OR_FLAT?(__OPTION_SETTING_S_Start + 0xc8):__OPTION_SETTING_S_Start
 *(.option_setting_bps_sel2)
                0x00000000                . = PROJECT_SECURE_OR_FLAT?(__OPTION_SETTING_S_Start + 0xcc):__OPTION_SETTING_S_Start
 *(.option_setting_bps_sel3)
                0x00000000                __OPTION_SETTING_S_End = .
                0x00000000                __tz_OPTION_SETTING_S_N = __OPTION_SETTING_S_End
OUTPUT(start.elf elf32-littlearm)
LOAD linker stubs

.ARM.attributes
                0x00000000       0x2c
 .ARM.attributes
                0x00000000       0x22 d:/renesas/ra/e2studio_v2022-10_fsp_v4.1.0/toolchains/gcc_arm/gcc-arm-none-eabi-10.3-2021.10/bin/../lib/gcc/arm-none-eabi/10.3.1/thumb/v8-m.base/nofp/crti.o
 .ARM.attributes
                0x00000022       0x30 d:/renesas/ra/e2studio_v2022-10_fsp_v4.1.0/toolchains/gcc_arm/gcc-arm-none-eabi-10.3-2021.10/bin/../lib/gcc/arm-none-eabi/10.3.1/thumb/v8-m.base/nofp/crtbegin.o
 .ARM.attributes
                0x00000052       0x30 ./src/hal_entry.o
 .ARM.attributes
                0x00000082       0x30 ./ra_gen/common_data.o
 .ARM.attributes
                0x000000b2       0x30 ./ra_gen/hal_data.o
 .ARM.attributes
                0x000000e2       0x30 ./ra_gen/main.o
 .ARM.attributes
                0x00000112       0x30 ./ra_gen/pin_data.o
 .ARM.attributes
                0x00000142       0x30 ./ra_gen/vector_data.o
 .ARM.attributes
                0x00000172       0x30 ./ra/fsp/src/r_sci_uart/r_sci_uart.o
 .ARM.attributes
                0x000001a2       0x30 ./ra/fsp/src/r_ioport/r_ioport.o
 .ARM.attributes
                0x000001d2       0x30 ./ra/fsp/src/bsp/mcu/all/bsp_clocks.o
 .ARM.attributes
                0x00000202       0x30 ./ra/fsp/src/bsp/mcu/all/bsp_common.o
 .ARM.attributes
                0x00000232       0x30 ./ra/fsp/src/bsp/mcu/all/bsp_delay.o
 .ARM.attributes
                0x00000262       0x30 ./ra/fsp/src/bsp/mcu/all/bsp_group_irq.o
 .ARM.attributes
                0x00000292       0x30 ./ra/fsp/src/bsp/mcu/all/bsp_io.o
 .ARM.attributes
                0x000002c2       0x30 ./ra/fsp/src/bsp/mcu/all/bsp_irq.o
 .ARM.attributes
                0x000002f2       0x30 ./ra/fsp/src/bsp/mcu/all/bsp_register_protection.o
 .ARM.attributes
                0x00000322       0x30 ./ra/fsp/src/bsp/mcu/all/bsp_rom_registers.o
 .ARM.attributes
                0x00000352       0x30 ./ra/fsp/src/bsp/mcu/all/bsp_sbrk.o
 .ARM.attributes
                0x00000382       0x30 ./ra/fsp/src/bsp/cmsis/Device/RENESAS/Source/startup.o
 .ARM.attributes
                0x000003b2       0x30 ./ra/fsp/src/bsp/cmsis/Device/RENESAS/Source/system.o
 .ARM.attributes
                0x000003e2       0x30 ./ra/board/ra2l1_ek/board_init.o
 .ARM.attributes
                0x00000412       0x30 ./ra/board/ra2l1_ek/board_leds.o
 .ARM.attributes
                0x00000442       0x30 d:/renesas/ra/e2studio_v2022-10_fsp_v4.1.0/toolchains/gcc_arm/gcc-arm-none-eabi-10.3-2021.10/bin/../lib/gcc/arm-none-eabi/10.3.1/thumb/v8-m.base/nofp\libgcc.a(_muldi3.o)
 .ARM.attributes
                0x00000472       0x22 d:/renesas/ra/e2studio_v2022-10_fsp_v4.1.0/toolchains/gcc_arm/gcc-arm-none-eabi-10.3-2021.10/bin/../lib/gcc/arm-none-eabi/10.3.1/thumb/v8-m.base/nofp\libgcc.a(_clzsi2.o)
 .ARM.attributes
                0x00000494       0x30 d:/renesas/ra/e2studio_v2022-10_fsp_v4.1.0/toolchains/gcc_arm/gcc-arm-none-eabi-10.3-2021.10/bin/../lib/gcc/arm-none-eabi/10.3.1/../../../../arm-none-eabi/lib/thumb/v8-m.base/nofp\libg_nano.a(lib_a-errno.o)
 .ARM.attributes
                0x000004c4       0x30 d:/renesas/ra/e2studio_v2022-10_fsp_v4.1.0/toolchains/gcc_arm/gcc-arm-none-eabi-10.3-2021.10/bin/../lib/gcc/arm-none-eabi/10.3.1/../../../../arm-none-eabi/lib/thumb/v8-m.base/nofp\libg_nano.a(lib_a-impure.o)
 .ARM.attributes
                0x000004f4       0x30 d:/renesas/ra/e2studio_v2022-10_fsp_v4.1.0/toolchains/gcc_arm/gcc-arm-none-eabi-10.3-2021.10/bin/../lib/gcc/arm-none-eabi/10.3.1/../../../../arm-none-eabi/lib/thumb/v8-m.base/nofp\libg_nano.a(lib_a-memcpy-stub.o)
 .ARM.attributes
                0x00000524       0x30 d:/renesas/ra/e2studio_v2022-10_fsp_v4.1.0/toolchains/gcc_arm/gcc-arm-none-eabi-10.3-2021.10/bin/../lib/gcc/arm-none-eabi/10.3.1/../../../../arm-none-eabi/lib/thumb/v8-m.base/nofp\libg_nano.a(lib_a-memset.o)
 .ARM.attributes
                0x00000554       0x30 d:/renesas/ra/e2studio_v2022-10_fsp_v4.1.0/toolchains/gcc_arm/gcc-arm-none-eabi-10.3-2021.10/bin/../lib/gcc/arm-none-eabi/10.3.1/../../../../arm-none-eabi/lib/thumb/v8-m.base/nofp\libg_nano.a(lib_a-nano-vfprintf_float.o)
 .ARM.attributes
                0x00000584       0x30 d:/renesas/ra/e2studio_v2022-10_fsp_v4.1.0/toolchains/gcc_arm/gcc-arm-none-eabi-10.3-2021.10/bin/../lib/gcc/arm-none-eabi/10.3.1/../../../../arm-none-eabi/lib/thumb/v8-m.base/nofp\libg_nano.a(lib_a-nano-vfprintf_i.o)
 .ARM.attributes
                0x000005b4       0x30 d:/renesas/ra/e2studio_v2022-10_fsp_v4.1.0/toolchains/gcc_arm/gcc-arm-none-eabi-10.3-2021.10/bin/../lib/gcc/arm-none-eabi/10.3.1/../../../../arm-none-eabi/lib/thumb/v8-m.base/nofp\libg_nano.a(lib_a-printf.o)
 .ARM.attributes
                0x000005e4       0x1c d:/renesas/ra/e2studio_v2022-10_fsp_v4.1.0/toolchains/gcc_arm/gcc-arm-none-eabi-10.3-2021.10/bin/../lib/gcc/arm-none-eabi/10.3.1/../../../../arm-none-eabi/lib/thumb/v8-m.base/nofp\libg_nano.a(lib_a-strlen.o)
 .ARM.attributes
                0x00000600       0x30 d:/renesas/ra/e2studio_v2022-10_fsp_v4.1.0/toolchains/gcc_arm/gcc-arm-none-eabi-10.3-2021.10/bin/../lib/gcc/arm-none-eabi/10.3.1/../../../../arm-none-eabi/lib/thumb/v8-m.base/nofp\libg_nano.a(lib_a-dtoa.o)
 .ARM.attributes
                0x00000630       0x30 d:/renesas/ra/e2studio_v2022-10_fsp_v4.1.0/toolchains/gcc_arm/gcc-arm-none-eabi-10.3-2021.10/bin/../lib/gcc/arm-none-eabi/10.3.1/../../../../arm-none-eabi/lib/thumb/v8-m.base/nofp\libg_nano.a(lib_a-findfp.o)
 .ARM.attributes
                0x00000660       0x30 d:/renesas/ra/e2studio_v2022-10_fsp_v4.1.0/toolchains/gcc_arm/gcc-arm-none-eabi-10.3-2021.10/bin/../lib/gcc/arm-none-eabi/10.3.1/../../../../arm-none-eabi/lib/thumb/v8-m.base/nofp\libg_nano.a(lib_a-fwalk.o)
 .ARM.attributes
                0x00000690       0x30 d:/renesas/ra/e2studio_v2022-10_fsp_v4.1.0/toolchains/gcc_arm/gcc-arm-none-eabi-10.3-2021.10/bin/../lib/gcc/arm-none-eabi/10.3.1/../../../../arm-none-eabi/lib/thumb/v8-m.base/nofp\libg_nano.a(lib_a-localeconv.o)
 .ARM.attributes
                0x000006c0       0x30 d:/renesas/ra/e2studio_v2022-10_fsp_v4.1.0/toolchains/gcc_arm/gcc-arm-none-eabi-10.3-2021.10/bin/../lib/gcc/arm-none-eabi/10.3.1/../../../../arm-none-eabi/lib/thumb/v8-m.base/nofp\libg_nano.a(lib_a-lock.o)
 .ARM.attributes
                0x000006f0       0x30 d:/renesas/ra/e2studio_v2022-10_fsp_v4.1.0/toolchains/gcc_arm/gcc-arm-none-eabi-10.3-2021.10/bin/../lib/gcc/arm-none-eabi/10.3.1/../../../../arm-none-eabi/lib/thumb/v8-m.base/nofp\libg_nano.a(lib_a-malloc.o)
 .ARM.attributes
                0x00000720       0x30 d:/renesas/ra/e2studio_v2022-10_fsp_v4.1.0/toolchains/gcc_arm/gcc-arm-none-eabi-10.3-2021.10/bin/../lib/gcc/arm-none-eabi/10.3.1/../../../../arm-none-eabi/lib/thumb/v8-m.base/nofp\libg_nano.a(lib_a-memchr-stub.o)
 .ARM.attributes
                0x00000750       0x30 d:/renesas/ra/e2studio_v2022-10_fsp_v4.1.0/toolchains/gcc_arm/gcc-arm-none-eabi-10.3-2021.10/bin/../lib/gcc/arm-none-eabi/10.3.1/../../../../arm-none-eabi/lib/thumb/v8-m.base/nofp\libg_nano.a(lib_a-mprec.o)
 .ARM.attributes
                0x00000780       0x30 d:/renesas/ra/e2studio_v2022-10_fsp_v4.1.0/toolchains/gcc_arm/gcc-arm-none-eabi-10.3-2021.10/bin/../lib/gcc/arm-none-eabi/10.3.1/../../../../arm-none-eabi/lib/thumb/v8-m.base/nofp\libg_nano.a(lib_a-nano-callocr.o)
 .ARM.attributes
                0x000007b0       0x30 d:/renesas/ra/e2studio_v2022-10_fsp_v4.1.0/toolchains/gcc_arm/gcc-arm-none-eabi-10.3-2021.10/bin/../lib/gcc/arm-none-eabi/10.3.1/../../../../arm-none-eabi/lib/thumb/v8-m.base/nofp\libg_nano.a(lib_a-nano-freer.o)
 .ARM.attributes
                0x000007e0       0x30 d:/renesas/ra/e2studio_v2022-10_fsp_v4.1.0/toolchains/gcc_arm/gcc-arm-none-eabi-10.3-2021.10/bin/../lib/gcc/arm-none-eabi/10.3.1/../../../../arm-none-eabi/lib/thumb/v8-m.base/nofp\libg_nano.a(lib_a-nano-mallocr.o)
 .ARM.attributes
                0x00000810       0x30 d:/renesas/ra/e2studio_v2022-10_fsp_v4.1.0/toolchains/gcc_arm/gcc-arm-none-eabi-10.3-2021.10/bin/../lib/gcc/arm-none-eabi/10.3.1/../../../../arm-none-eabi/lib/thumb/v8-m.base/nofp\libg_nano.a(lib_a-nano-vfprintf.o)
 .ARM.attributes
                0x00000840       0x30 d:/renesas/ra/e2studio_v2022-10_fsp_v4.1.0/toolchains/gcc_arm/gcc-arm-none-eabi-10.3-2021.10/bin/../lib/gcc/arm-none-eabi/10.3.1/../../../../arm-none-eabi/lib/thumb/v8-m.base/nofp\libg_nano.a(lib_a-sbrkr.o)
 .ARM.attributes
                0x00000870       0x30 d:/renesas/ra/e2studio_v2022-10_fsp_v4.1.0/toolchains/gcc_arm/gcc-arm-none-eabi-10.3-2021.10/bin/../lib/gcc/arm-none-eabi/10.3.1/../../../../arm-none-eabi/lib/thumb/v8-m.base/nofp\libg_nano.a(lib_a-stdio.o)
 .ARM.attributes
                0x000008a0       0x30 d:/renesas/ra/e2studio_v2022-10_fsp_v4.1.0/toolchains/gcc_arm/gcc-arm-none-eabi-10.3-2021.10/bin/../lib/gcc/arm-none-eabi/10.3.1/../../../../arm-none-eabi/lib/thumb/v8-m.base/nofp\libg_nano.a(lib_a-wbuf.o)
 .ARM.attributes
                0x000008d0       0x30 d:/renesas/ra/e2studio_v2022-10_fsp_v4.1.0/toolchains/gcc_arm/gcc-arm-none-eabi-10.3-2021.10/bin/../lib/gcc/arm-none-eabi/10.3.1/../../../../arm-none-eabi/lib/thumb/v8-m.base/nofp\libg_nano.a(lib_a-writer.o)
 .ARM.attributes
                0x00000900       0x30 d:/renesas/ra/e2studio_v2022-10_fsp_v4.1.0/toolchains/gcc_arm/gcc-arm-none-eabi-10.3-2021.10/bin/../lib/gcc/arm-none-eabi/10.3.1/../../../../arm-none-eabi/lib/thumb/v8-m.base/nofp\libg_nano.a(lib_a-wsetup.o)
 .ARM.attributes
                0x00000930       0x30 d:/renesas/ra/e2studio_v2022-10_fsp_v4.1.0/toolchains/gcc_arm/gcc-arm-none-eabi-10.3-2021.10/bin/../lib/gcc/arm-none-eabi/10.3.1/../../../../arm-none-eabi/lib/thumb/v8-m.base/nofp\libg_nano.a(lib_a-closer.o)
 .ARM.attributes
                0x00000960       0x30 d:/renesas/ra/e2studio_v2022-10_fsp_v4.1.0/toolchains/gcc_arm/gcc-arm-none-eabi-10.3-2021.10/bin/../lib/gcc/arm-none-eabi/10.3.1/../../../../arm-none-eabi/lib/thumb/v8-m.base/nofp\libg_nano.a(lib_a-fflush.o)
 .ARM.attributes
                0x00000990       0x30 d:/renesas/ra/e2studio_v2022-10_fsp_v4.1.0/toolchains/gcc_arm/gcc-arm-none-eabi-10.3-2021.10/bin/../lib/gcc/arm-none-eabi/10.3.1/../../../../arm-none-eabi/lib/thumb/v8-m.base/nofp\libg_nano.a(lib_a-locale.o)
 .ARM.attributes
                0x000009c0       0x30 d:/renesas/ra/e2studio_v2022-10_fsp_v4.1.0/toolchains/gcc_arm/gcc-arm-none-eabi-10.3-2021.10/bin/../lib/gcc/arm-none-eabi/10.3.1/../../../../arm-none-eabi/lib/thumb/v8-m.base/nofp\libg_nano.a(lib_a-lseekr.o)
 .ARM.attributes
                0x000009f0       0x30 d:/renesas/ra/e2studio_v2022-10_fsp_v4.1.0/toolchains/gcc_arm/gcc-arm-none-eabi-10.3-2021.10/bin/../lib/gcc/arm-none-eabi/10.3.1/../../../../arm-none-eabi/lib/thumb/v8-m.base/nofp\libg_nano.a(lib_a-makebuf.o)
 .ARM.attributes
                0x00000a20       0x30 d:/renesas/ra/e2studio_v2022-10_fsp_v4.1.0/toolchains/gcc_arm/gcc-arm-none-eabi-10.3-2021.10/bin/../lib/gcc/arm-none-eabi/10.3.1/../../../../arm-none-eabi/lib/thumb/v8-m.base/nofp\libg_nano.a(lib_a-mbtowc_r.o)
 .ARM.attributes
                0x00000a50       0x30 d:/renesas/ra/e2studio_v2022-10_fsp_v4.1.0/toolchains/gcc_arm/gcc-arm-none-eabi-10.3-2021.10/bin/../lib/gcc/arm-none-eabi/10.3.1/../../../../arm-none-eabi/lib/thumb/v8-m.base/nofp\libg_nano.a(lib_a-mlock.o)
 .ARM.attributes
                0x00000a80       0x30 d:/renesas/ra/e2studio_v2022-10_fsp_v4.1.0/toolchains/gcc_arm/gcc-arm-none-eabi-10.3-2021.10/bin/../lib/gcc/arm-none-eabi/10.3.1/../../../../arm-none-eabi/lib/thumb/v8-m.base/nofp\libg_nano.a(lib_a-readr.o)
 .ARM.attributes
                0x00000ab0       0x30 d:/renesas/ra/e2studio_v2022-10_fsp_v4.1.0/toolchains/gcc_arm/gcc-arm-none-eabi-10.3-2021.10/bin/../lib/gcc/arm-none-eabi/10.3.1/../../../../arm-none-eabi/lib/thumb/v8-m.base/nofp\libg_nano.a(lib_a-reent.o)
 .ARM.attributes
                0x00000ae0       0x30 d:/renesas/ra/e2studio_v2022-10_fsp_v4.1.0/toolchains/gcc_arm/gcc-arm-none-eabi-10.3-2021.10/bin/../lib/gcc/arm-none-eabi/10.3.1/../../../../arm-none-eabi/lib/thumb/v8-m.base/nofp\libg_nano.a(lib_a-wctomb_r.o)
 .ARM.attributes
                0x00000b10       0x30 d:/renesas/ra/e2studio_v2022-10_fsp_v4.1.0/toolchains/gcc_arm/gcc-arm-none-eabi-10.3-2021.10/bin/../lib/gcc/arm-none-eabi/10.3.1/../../../../arm-none-eabi/lib/thumb/v8-m.base/nofp\libg_nano.a(lib_a-ctype_.o)
 .ARM.attributes
                0x00000b40       0x30 d:/renesas/ra/e2studio_v2022-10_fsp_v4.1.0/toolchains/gcc_arm/gcc-arm-none-eabi-10.3-2021.10/bin/../lib/gcc/arm-none-eabi/10.3.1/../../../../arm-none-eabi/lib/thumb/v8-m.base/nofp\libg_nano.a(lib_a-fstatr.o)
 .ARM.attributes
                0x00000b70       0x30 d:/renesas/ra/e2studio_v2022-10_fsp_v4.1.0/toolchains/gcc_arm/gcc-arm-none-eabi-10.3-2021.10/bin/../lib/gcc/arm-none-eabi/10.3.1/../../../../arm-none-eabi/lib/thumb/v8-m.base/nofp\libg_nano.a(lib_a-isattyr.o)
 .ARM.attributes
                0x00000ba0       0x22 d:/renesas/ra/e2studio_v2022-10_fsp_v4.1.0/toolchains/gcc_arm/gcc-arm-none-eabi-10.3-2021.10/bin/../lib/gcc/arm-none-eabi/10.3.1/thumb/v8-m.base/nofp\libgcc.a(_thumb1_case_uqi.o)
 .ARM.attributes
                0x00000bc2       0x22 d:/renesas/ra/e2studio_v2022-10_fsp_v4.1.0/toolchains/gcc_arm/gcc-arm-none-eabi-10.3-2021.10/bin/../lib/gcc/arm-none-eabi/10.3.1/thumb/v8-m.base/nofp\libgcc.a(_thumb1_case_shi.o)
 .ARM.attributes
                0x00000be4       0x22 d:/renesas/ra/e2studio_v2022-10_fsp_v4.1.0/toolchains/gcc_arm/gcc-arm-none-eabi-10.3-2021.10/bin/../lib/gcc/arm-none-eabi/10.3.1/thumb/v8-m.base/nofp\libgcc.a(_arm_cmpdf2.o)
 .ARM.attributes
                0x00000c06       0x30 d:/renesas/ra/e2studio_v2022-10_fsp_v4.1.0/toolchains/gcc_arm/gcc-arm-none-eabi-10.3-2021.10/bin/../lib/gcc/arm-none-eabi/10.3.1/thumb/v8-m.base/nofp\libgcc.a(adddf3.o)
 .ARM.attributes
                0x00000c36       0x30 d:/renesas/ra/e2studio_v2022-10_fsp_v4.1.0/toolchains/gcc_arm/gcc-arm-none-eabi-10.3-2021.10/bin/../lib/gcc/arm-none-eabi/10.3.1/thumb/v8-m.base/nofp\libgcc.a(divdf3.o)
 .ARM.attributes